[17-Aug-2024 06:28:35 UTC] PHP Fatal error:  Uncaught Error: Undefined constant "HEADER_MIDDLE_HTML" in /var/www/vhosts/careerjobs.de/httpdocs/body.php:23
Stack trace:
#0 /var/www/vhosts/careerjobs.de/httpdocs/index.php(3): include_once()
#1 {main}
  thrown in /var/www/vhosts/careerjobs.de/httpdocs/body.php on line 23
[17-Aug-2024 06:28:40 UTC] PHP Fatal error:  Uncaught Error: Undefined constant "HEADER_MIDDLE_HTML" in /var/www/vhosts/careerjobs.de/httpdocs/body.php:23
Stack trace:
#0 /var/www/vhosts/careerjobs.de/httpdocs/index.php(3): include_once()
#1 {main}
  thrown in /var/www/vhosts/careerjobs.de/httpdocs/body.php on line 23
[17-Aug-2024 06:43:52 UTC] PHP Fatal error:  Uncaught Error: Undefined constant "INFO_EMPLOYER" in /var/www/vhosts/careerjobs.de/httpdocs/themes/careerjobs/home.php:322
Stack trace:
#0 /var/www/vhosts/careerjobs.de/httpdocs/index.php(4): include_once()
#1 {main}
  thrown in /var/www/vhosts/careerjobs.de/httpdocs/themes/careerjobs/home.php on line 322
[17-Aug-2024 06:44:14 UTC] PHP Fatal error:  Uncaught Error: Undefined constant "INFO_EMPLOYER" in /var/www/vhosts/careerjobs.de/httpdocs/themes/careerjobs/home.php:322
Stack trace:
#0 /var/www/vhosts/careerjobs.de/httpdocs/index.php(4): include_once()
#1 {main}
  thrown in /var/www/vhosts/careerjobs.de/httpdocs/themes/careerjobs/home.php on line 322
[17-Aug-2024 06:44:19 UTC] PHP Fatal error:  Uncaught Error: Undefined constant "INFO_EMPLOYER" in /var/www/vhosts/careerjobs.de/httpdocs/themes/careerjobs/home.php:322
Stack trace:
#0 /var/www/vhosts/careerjobs.de/httpdocs/index.php(4): include_once()
#1 {main}
  thrown in /var/www/vhosts/careerjobs.de/httpdocs/themes/careerjobs/home.php on line 322
[17-Aug-2024 06:45:14 UTC] PHP Fatal error:  Uncaught Error: Undefined constant "INFO_EMPLOYER" in /var/www/vhosts/careerjobs.de/httpdocs/themes/careerjobs/home.php:322
Stack trace:
#0 /var/www/vhosts/careerjobs.de/httpdocs/index.php(4): include_once()
#1 {main}
  thrown in /var/www/vhosts/careerjobs.de/httpdocs/themes/careerjobs/home.php on line 322
[17-Aug-2024 06:45:14 UTC] PHP Fatal error:  Uncaught Error: Undefined constant "INFO_EMPLOYER" in /var/www/vhosts/careerjobs.de/httpdocs/themes/careerjobs/home.php:322
Stack trace:
#0 /var/www/vhosts/careerjobs.de/httpdocs/index.php(4): include_once()
#1 {main}
  thrown in /var/www/vhosts/careerjobs.de/httpdocs/themes/careerjobs/home.php on line 322
[17-Aug-2024 06:48:17 UTC] PHP Fatal error:  Uncaught Error: Undefined constant "INFO_EMPLOYER" in /var/www/vhosts/careerjobs.de/httpdocs/themes/careerjobs/home.php:322
Stack trace:
#0 /var/www/vhosts/careerjobs.de/httpdocs/index.php(4): include_once()
#1 {main}
  thrown in /var/www/vhosts/careerjobs.de/httpdocs/themes/careerjobs/home.php on line 322
[17-Aug-2024 06:48:19 UTC] PHP Fatal error:  Uncaught Error: Undefined constant "INFO_EMPLOYER" in /var/www/vhosts/careerjobs.de/httpdocs/themes/careerjobs/home.php:322
Stack trace:
#0 /var/www/vhosts/careerjobs.de/httpdocs/index.php(4): include_once()
#1 {main}
  thrown in /var/www/vhosts/careerjobs.de/httpdocs/themes/careerjobs/home.php on line 322
[17-Aug-2024 06:48:19 UTC] PHP Fatal error:  Uncaught Error: Undefined constant "INFO_EMPLOYER" in /var/www/vhosts/careerjobs.de/httpdocs/themes/careerjobs/home.php:322
Stack trace:
#0 /var/www/vhosts/careerjobs.de/httpdocs/index.php(4): include_once()
#1 {main}
  thrown in /var/www/vhosts/careerjobs.de/httpdocs/themes/careerjobs/home.php on line 322
[17-Aug-2024 06:48:25 UTC] PHP Fatal error:  Uncaught Error: Undefined constant "INFO_EMPLOYER" in /var/www/vhosts/careerjobs.de/httpdocs/themes/careerjobs/home.php:322
Stack trace:
#0 /var/www/vhosts/careerjobs.de/httpdocs/index.php(4): include_once()
#1 {main}
  thrown in /var/www/vhosts/careerjobs.de/httpdocs/themes/careerjobs/home.php on line 322
[17-Aug-2024 06:48:35 UTC] PHP Fatal error:  Uncaught Error: Undefined constant "INFO_EMPLOYER" in /var/www/vhosts/careerjobs.de/httpdocs/themes/careerjobs/home.php:322
Stack trace:
#0 /var/www/vhosts/careerjobs.de/httpdocs/index.php(4): include_once()
#1 {main}
  thrown in /var/www/vhosts/careerjobs.de/httpdocs/themes/careerjobs/home.php on line 322
[17-Aug-2024 06:48:37 UTC] PHP Fatal error:  Uncaught Error: Undefined constant "INFO_EMPLOYER" in /var/www/vhosts/careerjobs.de/httpdocs/themes/careerjobs/home.php:322
Stack trace:
#0 /var/www/vhosts/careerjobs.de/httpdocs/index.php(4): include_once()
#1 {main}
  thrown in /var/www/vhosts/careerjobs.de/httpdocs/themes/careerjobs/home.php on line 322
[17-Aug-2024 10:09:18 UTC] PHP Warning:  Constant MODULE_G_CAPTCHA_MOB_R_RECRUITER already defined in /var/www/vhosts/careerjobs.de/httpdocs/class/configuration.php on line 39
[17-Aug-2024 10:09:25 UTC] PHP Warning:  Constant MODULE_G_CAPTCHA_MOB_R_RECRUITER already defined in /var/www/vhosts/careerjobs.de/httpdocs/class/configuration.php on line 39
[17-Aug-2024 10:09:53 UTC] PHP Warning:  Constant MODULE_G_CAPTCHA_MOB_R_RECRUITER already defined in /var/www/vhosts/careerjobs.de/httpdocs/class/configuration.php on line 39
[17-Aug-2024 10:09:56 UTC] PHP Warning:  Constant MODULE_G_CAPTCHA_MOB_R_RECRUITER already defined in /var/www/vhosts/careerjobs.de/httpdocs/class/configuration.php on line 39
[17-Aug-2024 10:10:56 UTC] PHP Warning:  Constant MODULE_G_CAPTCHA_MOB_R_RECRUITER already defined in /var/www/vhosts/careerjobs.de/httpdocs/class/configuration.php on line 39
[17-Aug-2024 10:11:01 UTC] PHP Warning:  Constant MODULE_G_CAPTCHA_MOB_R_RECRUITER already defined in /var/www/vhosts/careerjobs.de/httpdocs/class/configuration.php on line 39
[17-Aug-2024 10:11:27 UTC] PHP Warning:  Constant MODULE_G_CAPTCHA_MOB_R_RECRUITER already defined in /var/www/vhosts/careerjobs.de/httpdocs/class/configuration.php on line 39
[17-Aug-2024 10:12:03 UTC] PHP Warning:  Constant MODULE_G_CAPTCHA_MOB_R_RECRUITER already defined in /var/www/vhosts/careerjobs.de/httpdocs/class/configuration.php on line 39
[17-Aug-2024 10:56:17 UTC] PHP Warning:  Constant MODULE_G_CAPTCHA_MOB_R_RECRUITER already defined in /var/www/vhosts/careerjobs.de/httpdocs/class/configuration.php on line 39
[17-Aug-2024 10:56:30 UTC] PHP Warning:  Constant MODULE_G_CAPTCHA_MOB_R_RECRUITER already defined in /var/www/vhosts/careerjobs.de/httpdocs/class/configuration.php on line 39
[17-Aug-2024 10:56:32 UTC] PHP Warning:  Constant MODULE_G_CAPTCHA_MOB_R_RECRUITER already defined in /var/www/vhosts/careerjobs.de/httpdocs/class/configuration.php on line 39
[17-Aug-2024 10:56:36 UTC] PHP Warning:  Constant MODULE_G_CAPTCHA_MOB_R_RECRUITER already defined in /var/www/vhosts/careerjobs.de/httpdocs/class/configuration.php on line 39
[17-Aug-2024 10:57:39 UTC] PHP Warning:  Constant MODULE_G_CAPTCHA_MOB_R_RECRUITER already defined in /var/www/vhosts/careerjobs.de/httpdocs/class/configuration.php on line 39
[17-Aug-2024 10:58:19 UTC] PHP Warning:  Constant MODULE_G_CAPTCHA_MOB_R_RECRUITER already defined in /var/www/vhosts/careerjobs.de/httpdocs/class/configuration.php on line 39
[17-Aug-2024 10:58:35 UTC] PHP Warning:  Constant MODULE_G_CAPTCHA_MOB_R_RECRUITER already defined in /var/www/vhosts/careerjobs.de/httpdocs/class/configuration.php on line 39
[17-Aug-2024 10:59:46 UTC] PHP Warning:  Constant MODULE_G_CAPTCHA_MOB_R_RECRUITER already defined in /var/www/vhosts/careerjobs.de/httpdocs/class/configuration.php on line 39
[17-Aug-2024 11:00:29 UTC] PHP Fatal error:  Uncaught Error: Undefined constant "INFO_TEXT_YEAR1" in /var/www/vhosts/careerjobs.de/httpdocs/general_functions/functions.php:735
Stack trace:
#0 /var/www/vhosts/careerjobs.de/httpdocs/classinc/functions.php(327): calculate_experience()
#1 /var/www/vhosts/careerjobs.de/httpdocs/themes/careerjobs/header_middle.php(11): experience_drop_down()
#2 /var/www/vhosts/careerjobs.de/httpdocs/body.php(8): include_once('...')
#3 /var/www/vhosts/careerjobs.de/httpdocs/index.php(3): include_once('...')
#4 {main}
  thrown in /var/www/vhosts/careerjobs.de/httpdocs/general_functions/functions.php on line 735
[17-Aug-2024 11:00:34 UTC] PHP Fatal error:  Uncaught Error: Undefined constant "INFO_TEXT_YEAR1" in /var/www/vhosts/careerjobs.de/httpdocs/general_functions/functions.php:735
Stack trace:
#0 /var/www/vhosts/careerjobs.de/httpdocs/classinc/functions.php(327): calculate_experience()
#1 /var/www/vhosts/careerjobs.de/httpdocs/themes/careerjobs/header_middle.php(11): experience_drop_down()
#2 /var/www/vhosts/careerjobs.de/httpdocs/body.php(8): include_once('...')
#3 /var/www/vhosts/careerjobs.de/httpdocs/index.php(3): include_once('...')
#4 {main}
  thrown in /var/www/vhosts/careerjobs.de/httpdocs/general_functions/functions.php on line 735
[17-Aug-2024 11:00:37 UTC] PHP Fatal error:  Uncaught Error: Undefined constant "INFO_TEXT_YEAR1" in /var/www/vhosts/careerjobs.de/httpdocs/general_functions/functions.php:735
Stack trace:
#0 /var/www/vhosts/careerjobs.de/httpdocs/classinc/functions.php(327): calculate_experience()
#1 /var/www/vhosts/careerjobs.de/httpdocs/themes/careerjobs/header_middle.php(11): experience_drop_down()
#2 /var/www/vhosts/careerjobs.de/httpdocs/body.php(8): include_once('...')
#3 /var/www/vhosts/careerjobs.de/httpdocs/index.php(3): include_once('...')
#4 {main}
  thrown in /var/www/vhosts/careerjobs.de/httpdocs/general_functions/functions.php on line 735
[17-Aug-2024 11:00:58 UTC] PHP Warning:  Constant MODULE_G_CAPTCHA_MOB_R_RECRUITER already defined in /var/www/vhosts/careerjobs.de/httpdocs/class/configuration.php on line 39
[17-Aug-2024 11:01:02 UTC] PHP Warning:  Constant MODULE_G_CAPTCHA_MOB_R_RECRUITER already defined in /var/www/vhosts/careerjobs.de/httpdocs/class/configuration.php on line 39
[17-Aug-2024 11:03:19 UTC] PHP Fatal error:  Uncaught Error: Undefined constant "HEADING_TITLE" in /var/www/vhosts/careerjobs.de/httpdocs/about_us.php:18
Stack trace:
#0 {main}
  thrown in /var/www/vhosts/careerjobs.de/httpdocs/about_us.php on line 18
[17-Aug-2024 11:03:30 UTC] PHP Fatal error:  Uncaught Error: Undefined constant "BOX_HEADING_DASHBOARD" in /var/www/vhosts/careerjobs.de/httpdocs/my_admin/admin_left.php:32
Stack trace:
#0 /var/www/vhosts/careerjobs.de/httpdocs/my_admin/admin_body.php(18): include_once()
#1 /var/www/vhosts/careerjobs.de/httpdocs/my_admin/index.php(17): include_once('...')
#2 {main}
  thrown in /var/www/vhosts/careerjobs.de/httpdocs/my_admin/admin_left.php on line 32
[17-Aug-2024 11:06:02 UTC] PHP Fatal error:  Uncaught Error: Undefined constant "IMAGE_NEW" in /var/www/vhosts/careerjobs.de/httpdocs/my_admin/languages.php:144
Stack trace:
#0 {main}
  thrown in /var/www/vhosts/careerjobs.de/httpdocs/my_admin/languages.php on line 144
[17-Aug-2024 11:06:15 UTC] PHP Fatal error:  Uncaught Error: Undefined constant "IMAGE_NEW" in /var/www/vhosts/careerjobs.de/httpdocs/my_admin/languages.php:144
Stack trace:
#0 {main}
  thrown in /var/www/vhosts/careerjobs.de/httpdocs/my_admin/languages.php on line 144
[17-Aug-2024 12:03:35 UTC] PHP Fatal error:  Uncaught Error: Undefined constant "INFO_KEYWORD" in /var/www/vhosts/careerjobs.de/httpdocs/themes/careerjobs/header_middle.php:9
Stack trace:
#0 /var/www/vhosts/careerjobs.de/httpdocs/body.php(8): include_once()
#1 /var/www/vhosts/careerjobs.de/httpdocs/index.php(3): include_once('...')
#2 {main}
  thrown in /var/www/vhosts/careerjobs.de/httpdocs/themes/careerjobs/header_middle.php on line 9
[17-Aug-2024 12:17:43 UTC] PHP Fatal error:  Uncaught Error: Undefined constant "HEADING_TITLE" in /var/www/vhosts/careerjobs.de/httpdocs/my_admin/index.php:61
Stack trace:
#0 {main}
  thrown in /var/www/vhosts/careerjobs.de/httpdocs/my_admin/index.php on line 61
[17-Aug-2024 12:29:52 UTC] PHP Warning:  Constant MODULE_G_CAPTCHA_MOB_R_RECRUITER already defined in /var/www/vhosts/careerjobs.de/httpdocs/class/configuration.php on line 39
[17-Aug-2024 12:30:27 UTC] PHP Warning:  Constant MODULE_G_CAPTCHA_MOB_R_RECRUITER already defined in /var/www/vhosts/careerjobs.de/httpdocs/class/configuration.php on line 39
[17-Aug-2024 12:30:40 UTC] PHP Warning:  Constant MODULE_G_CAPTCHA_MOB_R_RECRUITER already defined in /var/www/vhosts/careerjobs.de/httpdocs/class/configuration.php on line 39
[17-Aug-2024 12:41:24 UTC] PHP Warning:  Constant MODULE_G_CAPTCHA_MOB_R_RECRUITER already defined in /var/www/vhosts/careerjobs.de/httpdocs/class/configuration.php on line 39
[17-Aug-2024 12:42:15 UTC] PHP Warning:  Constant MODULE_G_CAPTCHA_MOB_R_RECRUITER already defined in /var/www/vhosts/careerjobs.de/httpdocs/class/configuration.php on line 39
[17-Aug-2024 12:44:26 UTC] PHP Warning:  Constant MODULE_G_CAPTCHA_MOB_R_RECRUITER already defined in /var/www/vhosts/careerjobs.de/httpdocs/class/configuration.php on line 39
[17-Aug-2024 12:44:36 UTC] PHP Warning:  Constant MODULE_G_CAPTCHA_MOB_R_RECRUITER already defined in /var/www/vhosts/careerjobs.de/httpdocs/class/configuration.php on line 39
[17-Aug-2024 12:44:42 UTC] PHP Warning:  Constant MODULE_G_CAPTCHA_MOB_R_RECRUITER already defined in /var/www/vhosts/careerjobs.de/httpdocs/class/configuration.php on line 39
[17-Aug-2024 12:44:51 UTC] PHP Warning:  Constant MODULE_G_CAPTCHA_MOB_R_RECRUITER already defined in /var/www/vhosts/careerjobs.de/httpdocs/class/configuration.php on line 39
[17-Aug-2024 12:44:59 UTC] PHP Warning:  Constant MODULE_G_CAPTCHA_MOB_R_RECRUITER already defined in /var/www/vhosts/careerjobs.de/httpdocs/class/configuration.php on line 39
[17-Aug-2024 12:45:10 UTC] PHP Warning:  Constant MODULE_G_CAPTCHA_MOB_R_RECRUITER already defined in /var/www/vhosts/careerjobs.de/httpdocs/class/configuration.php on line 39
[17-Aug-2024 12:45:15 UTC] PHP Warning:  Constant MODULE_G_CAPTCHA_MOB_R_RECRUITER already defined in /var/www/vhosts/careerjobs.de/httpdocs/class/configuration.php on line 39
[17-Aug-2024 12:46:01 UTC] PHP Warning:  Constant MODULE_G_CAPTCHA_MOB_R_RECRUITER already defined in /var/www/vhosts/careerjobs.de/httpdocs/class/configuration.php on line 39
[17-Aug-2024 12:46:07 UTC] PHP Warning:  Constant MODULE_G_CAPTCHA_MOB_R_RECRUITER already defined in /var/www/vhosts/careerjobs.de/httpdocs/class/configuration.php on line 39
[17-Aug-2024 12:46:15 UTC] PHP Warning:  Constant MODULE_G_CAPTCHA_MOB_R_RECRUITER already defined in /var/www/vhosts/careerjobs.de/httpdocs/class/configuration.php on line 39
[17-Aug-2024 12:49:05 UTC] PHP Warning:  Constant MODULE_G_CAPTCHA_MOB_R_RECRUITER already defined in /var/www/vhosts/careerjobs.de/httpdocs/class/configuration.php on line 39
[17-Aug-2024 12:49:08 UTC] PHP Warning:  Constant MODULE_G_CAPTCHA_MOB_R_RECRUITER already defined in /var/www/vhosts/careerjobs.de/httpdocs/class/configuration.php on line 39
[17-Aug-2024 12:49:27 UTC] PHP Warning:  Constant MODULE_G_CAPTCHA_MOB_R_RECRUITER already defined in /var/www/vhosts/careerjobs.de/httpdocs/class/configuration.php on line 39
[17-Aug-2024 12:49:29 UTC] PHP Warning:  Constant MODULE_G_CAPTCHA_MOB_R_RECRUITER already defined in /var/www/vhosts/careerjobs.de/httpdocs/class/configuration.php on line 39
[17-Aug-2024 12:50:57 UTC] PHP Warning:  Constant MODULE_G_CAPTCHA_MOB_R_RECRUITER already defined in /var/www/vhosts/careerjobs.de/httpdocs/class/configuration.php on line 39
[17-Aug-2024 13:07:22 UTC] PHP Warning:  Constant MODULE_G_CAPTCHA_MOB_R_RECRUITER already defined in /var/www/vhosts/careerjobs.de/httpdocs/class/configuration.php on line 39
[17-Aug-2024 13:09:01 UTC] PHP Warning:  Constant MODULE_G_CAPTCHA_MOB_R_RECRUITER already defined in /var/www/vhosts/careerjobs.de/httpdocs/class/configuration.php on line 39
[17-Aug-2024 13:15:30 UTC] PHP Warning:  Constant MODULE_G_CAPTCHA_MOB_R_RECRUITER already defined in /var/www/vhosts/careerjobs.de/httpdocs/class/configuration.php on line 39
[19-Aug-2024 09:42:21 UTC] PHP Fatal error:  Uncaught Error: Undefined constant "HEADING_TITLE" in /var/www/vhosts/careerjobs.de/httpdocs/my_admin/index.php:61
Stack trace:
#0 {main}
  thrown in /var/www/vhosts/careerjobs.de/httpdocs/my_admin/index.php on line 61
[19-Aug-2024 09:42:35 UTC] PHP Fatal error:  Uncaught Error: Undefined constant "TEXT_INFO_JOBSEEKERS" in /var/www/vhosts/careerjobs.de/httpdocs/my_admin/admin1_control_panel.php:72
Stack trace:
#0 {main}
  thrown in /var/www/vhosts/careerjobs.de/httpdocs/my_admin/admin1_control_panel.php on line 72
[19-Aug-2024 09:42:46 UTC] PHP Fatal error:  Uncaught mysqli_sql_exception: Unknown column 'de_sal_name' in 'field list' in /var/www/vhosts/careerjobs.de/httpdocs/general_functions/database.php:71
Stack trace:
#0 /var/www/vhosts/careerjobs.de/httpdocs/general_functions/database.php(71): mysqli_query()
#1 /var/www/vhosts/careerjobs.de/httpdocs/classinc/functions.php(221): tep_db_query()
#2 /var/www/vhosts/careerjobs.de/httpdocs/job_search.php(829): LIST_TABLE()
#3 {main}
  thrown in /var/www/vhosts/careerjobs.de/httpdocs/general_functions/database.php on line 71
[19-Aug-2024 09:42:53 UTC] PHP Fatal error:  Uncaught mysqli_sql_exception: Unknown column 'de_sal_name' in 'field list' in /var/www/vhosts/careerjobs.de/httpdocs/general_functions/database.php:71
Stack trace:
#0 /var/www/vhosts/careerjobs.de/httpdocs/general_functions/database.php(71): mysqli_query()
#1 /var/www/vhosts/careerjobs.de/httpdocs/classinc/functions.php(221): tep_db_query()
#2 /var/www/vhosts/careerjobs.de/httpdocs/job_search.php(829): LIST_TABLE()
#3 {main}
  thrown in /var/www/vhosts/careerjobs.de/httpdocs/general_functions/database.php on line 71
[19-Aug-2024 11:24:59 UTC] PHP Fatal error:  Uncaught Error: Undefined constant "HEADING_TITLE" in /var/www/vhosts/careerjobs.de/httpdocs/my_admin/index.php:61
Stack trace:
#0 {main}
  thrown in /var/www/vhosts/careerjobs.de/httpdocs/my_admin/index.php on line 61
[19-Aug-2024 11:25:13 UTC] PHP Fatal error:  Uncaught Error: Undefined constant "TEXT_INFO_JOBSEEKERS" in /var/www/vhosts/careerjobs.de/httpdocs/my_admin/admin1_control_panel.php:72
Stack trace:
#0 {main}
  thrown in /var/www/vhosts/careerjobs.de/httpdocs/my_admin/admin1_control_panel.php on line 72
[19-Aug-2024 11:28:13 UTC] PHP Fatal error:  Uncaught Error: Undefined constant "TEXT_INFO_JOBSEEKERS" in /var/www/vhosts/careerjobs.de/httpdocs/my_admin/admin1_control_panel.php:72
Stack trace:
#0 {main}
  thrown in /var/www/vhosts/careerjobs.de/httpdocs/my_admin/admin1_control_panel.php on line 72
[19-Aug-2024 11:33:49 UTC] PHP Fatal error:  Uncaught mysqli_sql_exception: Unknown column 'de_sal_name' in 'field list' in /var/www/vhosts/careerjobs.de/httpdocs/general_functions/database.php:71
Stack trace:
#0 /var/www/vhosts/careerjobs.de/httpdocs/general_functions/database.php(71): mysqli_query()
#1 /var/www/vhosts/careerjobs.de/httpdocs/classinc/functions.php(221): tep_db_query()
#2 /var/www/vhosts/careerjobs.de/httpdocs/job_search.php(829): LIST_TABLE()
#3 {main}
  thrown in /var/www/vhosts/careerjobs.de/httpdocs/general_functions/database.php on line 71
[19-Aug-2024 11:38:24 UTC] PHP Fatal error:  Uncaught Error: Undefined constant "HEADING_TITLE" in /var/www/vhosts/careerjobs.de/httpdocs/my_admin/index.php:61
Stack trace:
#0 {main}
  thrown in /var/www/vhosts/careerjobs.de/httpdocs/my_admin/index.php on line 61
[19-Aug-2024 11:39:56 UTC] PHP Fatal error:  Uncaught Error: Undefined constant "TEXT_INFO_JOBSEEKERS" in /var/www/vhosts/careerjobs.de/httpdocs/my_admin/admin1_control_panel.php:72
Stack trace:
#0 {main}
  thrown in /var/www/vhosts/careerjobs.de/httpdocs/my_admin/admin1_control_panel.php on line 72
[19-Aug-2024 11:40:13 UTC] PHP Fatal error:  Uncaught Error: Undefined constant "TEXT_INFO_JOBSEEKERS" in /var/www/vhosts/careerjobs.de/httpdocs/my_admin/admin1_control_panel.php:72
Stack trace:
#0 {main}
  thrown in /var/www/vhosts/careerjobs.de/httpdocs/my_admin/admin1_control_panel.php on line 72
[19-Aug-2024 11:45:30 UTC] PHP Fatal error:  Uncaught TypeError: count(): Argument #1 ($value) must be of type Countable|array, null given in /var/www/vhosts/careerjobs.de/httpdocs/my_admin/admin1_indeed_import.php:44
Stack trace:
#0 {main}
  thrown in /var/www/vhosts/careerjobs.de/httpdocs/my_admin/admin1_indeed_import.php on line 44
[19-Aug-2024 12:21:02 UTC] PHP Fatal error:  Uncaught Error: Undefined constant "HEADING_TITLE" in /var/www/vhosts/careerjobs.de/httpdocs/my_admin/index.php:61
Stack trace:
#0 {main}
  thrown in /var/www/vhosts/careerjobs.de/httpdocs/my_admin/index.php on line 61
[19-Aug-2024 12:34:32 UTC] PHP Fatal error:  Uncaught TypeError: count(): Argument #1 ($value) must be of type Countable|array, null given in /var/www/vhosts/careerjobs.de/httpdocs/my_admin/admin1_indeed_import.php:44
Stack trace:
#0 {main}
  thrown in /var/www/vhosts/careerjobs.de/httpdocs/my_admin/admin1_indeed_import.php on line 44
[19-Aug-2024 12:34:45 UTC] PHP Fatal error:  Uncaught TypeError: count(): Argument #1 ($value) must be of type Countable|array, null given in /var/www/vhosts/careerjobs.de/httpdocs/my_admin/admin1_indeed_import.php:44
Stack trace:
#0 {main}
  thrown in /var/www/vhosts/careerjobs.de/httpdocs/my_admin/admin1_indeed_import.php on line 44
[19-Aug-2024 13:12:16 UTC] PHP Fatal error:  Uncaught Error: Undefined constant "HEADING_TITLE" in /var/www/vhosts/careerjobs.de/httpdocs/my_admin/index.php:61
Stack trace:
#0 {main}
  thrown in /var/www/vhosts/careerjobs.de/httpdocs/my_admin/index.php on line 61
[19-Aug-2024 13:12:20 UTC] PHP Fatal error:  Uncaught Error: Undefined constant "TEXT_INFO_JOBSEEKERS" in /var/www/vhosts/careerjobs.de/httpdocs/my_admin/admin1_control_panel.php:72
Stack trace:
#0 {main}
  thrown in /var/www/vhosts/careerjobs.de/httpdocs/my_admin/admin1_control_panel.php on line 72
[19-Aug-2024 13:20:10 UTC] PHP Fatal error:  Uncaught mysqli_sql_exception: Unknown column 'de_sal_name' in 'field list' in /var/www/vhosts/careerjobs.de/httpdocs/general_functions/database.php:71
Stack trace:
#0 /var/www/vhosts/careerjobs.de/httpdocs/general_functions/database.php(71): mysqli_query()
#1 /var/www/vhosts/careerjobs.de/httpdocs/classinc/functions.php(221): tep_db_query()
#2 /var/www/vhosts/careerjobs.de/httpdocs/job_search.php(829): LIST_TABLE()
#3 {main}
  thrown in /var/www/vhosts/careerjobs.de/httpdocs/general_functions/database.php on line 71
[19-Aug-2024 14:56:32 UTC] PHP Fatal error:  Uncaught mysqli_sql_exception: Unknown column 'de_sal_name' in 'field list' in /var/www/vhosts/careerjobs.de/httpdocs/general_functions/database.php:71
Stack trace:
#0 /var/www/vhosts/careerjobs.de/httpdocs/general_functions/database.php(71): mysqli_query()
#1 /var/www/vhosts/careerjobs.de/httpdocs/classinc/functions.php(221): tep_db_query()
#2 /var/www/vhosts/careerjobs.de/httpdocs/job_search.php(829): LIST_TABLE()
#3 {main}
  thrown in /var/www/vhosts/careerjobs.de/httpdocs/general_functions/database.php on line 71
[19-Aug-2024 16:02:09 UTC] PHP Fatal error:  Uncaught Error: Undefined constant "INFO_TEXT_Contact_Us" in /var/www/vhosts/careerjobs.de/httpdocs/site_map.php:89
Stack trace:
#0 {main}
  thrown in /var/www/vhosts/careerjobs.de/httpdocs/site_map.php on line 89
[19-Aug-2024 17:19:02 UTC] PHP Fatal error:  Uncaught Error: Undefined constant "HEADING_TITLE" in /var/www/vhosts/careerjobs.de/httpdocs/my_admin/index.php:61
Stack trace:
#0 {main}
  thrown in /var/www/vhosts/careerjobs.de/httpdocs/my_admin/index.php on line 61
[19-Aug-2024 20:21:08 UTC] PHP Fatal error:  Uncaught mysqli_sql_exception: Unknown column 'de_sal_name' in 'field list' in /var/www/vhosts/careerjobs.de/httpdocs/general_functions/database.php:71
Stack trace:
#0 /var/www/vhosts/careerjobs.de/httpdocs/general_functions/database.php(71): mysqli_query()
#1 /var/www/vhosts/careerjobs.de/httpdocs/classinc/functions.php(221): tep_db_query()
#2 /var/www/vhosts/careerjobs.de/httpdocs/job_search.php(829): LIST_TABLE()
#3 {main}
  thrown in /var/www/vhosts/careerjobs.de/httpdocs/general_functions/database.php on line 71
[20-Aug-2024 05:43:29 UTC] PHP Fatal error:  Uncaught Error: Undefined constant "HEADING_TITLE" in /var/www/vhosts/careerjobs.de/httpdocs/my_admin/index.php:61
Stack trace:
#0 {main}
  thrown in /var/www/vhosts/careerjobs.de/httpdocs/my_admin/index.php on line 61
[20-Aug-2024 05:43:45 UTC] PHP Fatal error:  Uncaught Error: Undefined constant "TEXT_INFO_JOBSEEKERS" in /var/www/vhosts/careerjobs.de/httpdocs/my_admin/admin1_control_panel.php:72
Stack trace:
#0 {main}
  thrown in /var/www/vhosts/careerjobs.de/httpdocs/my_admin/admin1_control_panel.php on line 72
[20-Aug-2024 05:48:42 UTC] PHP Fatal error:  Uncaught Error: Undefined constant "MESSAGE_SUCCESS_UPDATED" in /var/www/vhosts/careerjobs.de/httpdocs/my_admin/admin1_themes.php:63
Stack trace:
#0 {main}
  thrown in /var/www/vhosts/careerjobs.de/httpdocs/my_admin/admin1_themes.php on line 63
[20-Aug-2024 05:58:28 UTC] PHP Fatal error:  Uncaught Error: Undefined constant "MESSAGE_SUCCESS_UPDATED" in /var/www/vhosts/careerjobs.de/httpdocs/my_admin/admin1_themes.php:63
Stack trace:
#0 {main}
  thrown in /var/www/vhosts/careerjobs.de/httpdocs/my_admin/admin1_themes.php on line 63
[20-Aug-2024 06:05:23 UTC] PHP Fatal error:  Uncaught mysqli_sql_exception: Unknown column 'de_sal_name' in 'field list' in /var/www/vhosts/careerjobs.de/httpdocs/general_functions/database.php:71
Stack trace:
#0 /var/www/vhosts/careerjobs.de/httpdocs/general_functions/database.php(71): mysqli_query()
#1 /var/www/vhosts/careerjobs.de/httpdocs/classinc/functions.php(221): tep_db_query()
#2 /var/www/vhosts/careerjobs.de/httpdocs/job_search.php(829): LIST_TABLE()
#3 {main}
  thrown in /var/www/vhosts/careerjobs.de/httpdocs/general_functions/database.php on line 71
[20-Aug-2024 06:05:26 UTC] PHP Fatal error:  Uncaught mysqli_sql_exception: Unknown column 'de_sal_name' in 'field list' in /var/www/vhosts/careerjobs.de/httpdocs/general_functions/database.php:71
Stack trace:
#0 /var/www/vhosts/careerjobs.de/httpdocs/general_functions/database.php(71): mysqli_query()
#1 /var/www/vhosts/careerjobs.de/httpdocs/classinc/functions.php(221): tep_db_query()
#2 /var/www/vhosts/careerjobs.de/httpdocs/job_search.php(829): LIST_TABLE()
#3 {main}
  thrown in /var/www/vhosts/careerjobs.de/httpdocs/general_functions/database.php on line 71
[20-Aug-2024 06:06:37 UTC] PHP Fatal error:  Uncaught mysqli_sql_exception: Unknown column 'de_sal_name' in 'field list' in /var/www/vhosts/careerjobs.de/httpdocs/general_functions/database.php:71
Stack trace:
#0 /var/www/vhosts/careerjobs.de/httpdocs/general_functions/database.php(71): mysqli_query()
#1 /var/www/vhosts/careerjobs.de/httpdocs/classinc/functions.php(221): tep_db_query()
#2 /var/www/vhosts/careerjobs.de/httpdocs/job_search.php(829): LIST_TABLE()
#3 {main}
  thrown in /var/www/vhosts/careerjobs.de/httpdocs/general_functions/database.php on line 71
[20-Aug-2024 06:12:55 UTC] PHP Fatal error:  Uncaught mysqli_sql_exception: Unknown column 'de_sal_name' in 'field list' in /var/www/vhosts/careerjobs.de/httpdocs/general_functions/database.php:71
Stack trace:
#0 /var/www/vhosts/careerjobs.de/httpdocs/general_functions/database.php(71): mysqli_query()
#1 /var/www/vhosts/careerjobs.de/httpdocs/classinc/functions.php(221): tep_db_query()
#2 /var/www/vhosts/careerjobs.de/httpdocs/job_search.php(829): LIST_TABLE()
#3 {main}
  thrown in /var/www/vhosts/careerjobs.de/httpdocs/general_functions/database.php on line 71
[20-Aug-2024 06:12:58 UTC] PHP Fatal error:  Uncaught mysqli_sql_exception: Unknown column 'de_sal_name' in 'field list' in /var/www/vhosts/careerjobs.de/httpdocs/general_functions/database.php:71
Stack trace:
#0 /var/www/vhosts/careerjobs.de/httpdocs/general_functions/database.php(71): mysqli_query()
#1 /var/www/vhosts/careerjobs.de/httpdocs/classinc/functions.php(221): tep_db_query()
#2 /var/www/vhosts/careerjobs.de/httpdocs/job_search.php(829): LIST_TABLE()
#3 {main}
  thrown in /var/www/vhosts/careerjobs.de/httpdocs/general_functions/database.php on line 71
[20-Aug-2024 06:13:47 UTC] PHP Fatal error:  Uncaught mysqli_sql_exception: Unknown column 'de_sal_name' in 'field list' in /var/www/vhosts/careerjobs.de/httpdocs/general_functions/database.php:71
Stack trace:
#0 /var/www/vhosts/careerjobs.de/httpdocs/general_functions/database.php(71): mysqli_query()
#1 /var/www/vhosts/careerjobs.de/httpdocs/classinc/functions.php(221): tep_db_query()
#2 /var/www/vhosts/careerjobs.de/httpdocs/job_search.php(829): LIST_TABLE()
#3 {main}
  thrown in /var/www/vhosts/careerjobs.de/httpdocs/general_functions/database.php on line 71
[20-Aug-2024 06:16:39 UTC] PHP Fatal error:  Uncaught mysqli_sql_exception: Unknown column 'de_sal_name' in 'field list' in /var/www/vhosts/careerjobs.de/httpdocs/general_functions/database.php:71
Stack trace:
#0 /var/www/vhosts/careerjobs.de/httpdocs/general_functions/database.php(71): mysqli_query()
#1 /var/www/vhosts/careerjobs.de/httpdocs/classinc/functions.php(221): tep_db_query()
#2 /var/www/vhosts/careerjobs.de/httpdocs/job_search.php(829): LIST_TABLE()
#3 {main}
  thrown in /var/www/vhosts/careerjobs.de/httpdocs/general_functions/database.php on line 71
[20-Aug-2024 06:16:39 UTC] PHP Fatal error:  Uncaught mysqli_sql_exception: Unknown column 'de_sal_name' in 'field list' in /var/www/vhosts/careerjobs.de/httpdocs/general_functions/database.php:71
Stack trace:
#0 /var/www/vhosts/careerjobs.de/httpdocs/general_functions/database.php(71): mysqli_query()
#1 /var/www/vhosts/careerjobs.de/httpdocs/classinc/functions.php(221): tep_db_query()
#2 /var/www/vhosts/careerjobs.de/httpdocs/job_search.php(829): LIST_TABLE()
#3 {main}
  thrown in /var/www/vhosts/careerjobs.de/httpdocs/general_functions/database.php on line 71
[20-Aug-2024 06:16:40 UTC] PHP Fatal error:  Uncaught Error: Undefined constant "INFO_TEXT_Contact_Us" in /var/www/vhosts/careerjobs.de/httpdocs/site_map.php:89
Stack trace:
#0 {main}
  thrown in /var/www/vhosts/careerjobs.de/httpdocs/site_map.php on line 89
[20-Aug-2024 06:16:40 UTC] PHP Fatal error:  Uncaught Error: Undefined constant "INFO_TEXT_Contact_Us" in /var/www/vhosts/careerjobs.de/httpdocs/site_map.php:89
Stack trace:
#0 {main}
  thrown in /var/www/vhosts/careerjobs.de/httpdocs/site_map.php on line 89
[20-Aug-2024 06:25:48 UTC] PHP Fatal error:  Uncaught mysqli_sql_exception: Unknown column 'de_sal_name' in 'field list' in /var/www/vhosts/careerjobs.de/httpdocs/general_functions/database.php:71
Stack trace:
#0 /var/www/vhosts/careerjobs.de/httpdocs/general_functions/database.php(71): mysqli_query()
#1 /var/www/vhosts/careerjobs.de/httpdocs/classinc/functions.php(221): tep_db_query()
#2 /var/www/vhosts/careerjobs.de/httpdocs/job_search.php(829): LIST_TABLE()
#3 {main}
  thrown in /var/www/vhosts/careerjobs.de/httpdocs/general_functions/database.php on line 71
[20-Aug-2024 06:26:12 UTC] PHP Fatal error:  Uncaught Error: Undefined constant "HEADING_TITLE" in /var/www/vhosts/careerjobs.de/httpdocs/my_admin/admin1_cron.php:14
Stack trace:
#0 {main}
  thrown in /var/www/vhosts/careerjobs.de/httpdocs/my_admin/admin1_cron.php on line 14
[20-Aug-2024 06:27:29 UTC] PHP Fatal error:  Uncaught mysqli_sql_exception: Unknown column 'de_sal_name' in 'field list' in /var/www/vhosts/careerjobs.de/httpdocs/general_functions/database.php:71
Stack trace:
#0 /var/www/vhosts/careerjobs.de/httpdocs/general_functions/database.php(71): mysqli_query()
#1 /var/www/vhosts/careerjobs.de/httpdocs/classinc/functions.php(221): tep_db_query()
#2 /var/www/vhosts/careerjobs.de/httpdocs/job_search.php(829): LIST_TABLE()
#3 {main}
  thrown in /var/www/vhosts/careerjobs.de/httpdocs/general_functions/database.php on line 71
[20-Aug-2024 06:27:33 UTC] PHP Fatal error:  Uncaught mysqli_sql_exception: Unknown column 'de_sal_name' in 'field list' in /var/www/vhosts/careerjobs.de/httpdocs/general_functions/database.php:71
Stack trace:
#0 /var/www/vhosts/careerjobs.de/httpdocs/general_functions/database.php(71): mysqli_query()
#1 /var/www/vhosts/careerjobs.de/httpdocs/classinc/functions.php(221): tep_db_query()
#2 /var/www/vhosts/careerjobs.de/httpdocs/job_search.php(829): LIST_TABLE()
#3 {main}
  thrown in /var/www/vhosts/careerjobs.de/httpdocs/general_functions/database.php on line 71
[20-Aug-2024 06:28:01 UTC] PHP Fatal error:  Uncaught mysqli_sql_exception: Unknown column 'de_sal_name' in 'field list' in /var/www/vhosts/careerjobs.de/httpdocs/general_functions/database.php:71
Stack trace:
#0 /var/www/vhosts/careerjobs.de/httpdocs/general_functions/database.php(71): mysqli_query()
#1 /var/www/vhosts/careerjobs.de/httpdocs/classinc/functions.php(221): tep_db_query()
#2 /var/www/vhosts/careerjobs.de/httpdocs/job_search.php(829): LIST_TABLE()
#3 {main}
  thrown in /var/www/vhosts/careerjobs.de/httpdocs/general_functions/database.php on line 71
[20-Aug-2024 06:34:08 UTC] PHP Fatal error:  Uncaught Error: Undefined constant "HEADING_TITLE" in /var/www/vhosts/careerjobs.de/httpdocs/my_admin/admin1_themes.php:171
Stack trace:
#0 {main}
  thrown in /var/www/vhosts/careerjobs.de/httpdocs/my_admin/admin1_themes.php on line 171
[20-Aug-2024 06:36:22 UTC] PHP Fatal error:  Uncaught mysqli_sql_exception: Unknown column 'de_sal_name' in 'field list' in /var/www/vhosts/careerjobs.de/httpdocs/general_functions/database.php:71
Stack trace:
#0 /var/www/vhosts/careerjobs.de/httpdocs/general_functions/database.php(71): mysqli_query()
#1 /var/www/vhosts/careerjobs.de/httpdocs/classinc/functions.php(221): tep_db_query()
#2 /var/www/vhosts/careerjobs.de/httpdocs/job_search.php(829): LIST_TABLE()
#3 {main}
  thrown in /var/www/vhosts/careerjobs.de/httpdocs/general_functions/database.php on line 71
[20-Aug-2024 06:45:37 UTC] PHP Fatal error:  Uncaught Error: Undefined constant "TEXT_INFO_JOBSEEKERS" in /var/www/vhosts/careerjobs.de/httpdocs/my_admin/admin1_control_panel.php:72
Stack trace:
#0 {main}
  thrown in /var/www/vhosts/careerjobs.de/httpdocs/my_admin/admin1_control_panel.php on line 72
[20-Aug-2024 06:45:42 UTC] PHP Fatal error:  Uncaught Error: Undefined constant "HEADING_TITLE" in /var/www/vhosts/careerjobs.de/httpdocs/my_admin/index.php:61
Stack trace:
#0 {main}
  thrown in /var/www/vhosts/careerjobs.de/httpdocs/my_admin/index.php on line 61
[20-Aug-2024 06:57:09 UTC] PHP Fatal error:  Uncaught mysqli_sql_exception: Unknown column 'de_sal_name' in 'field list' in /var/www/vhosts/careerjobs.de/httpdocs/general_functions/database.php:71
Stack trace:
#0 /var/www/vhosts/careerjobs.de/httpdocs/general_functions/database.php(71): mysqli_query()
#1 /var/www/vhosts/careerjobs.de/httpdocs/classinc/functions.php(221): tep_db_query()
#2 /var/www/vhosts/careerjobs.de/httpdocs/job_search.php(829): LIST_TABLE()
#3 {main}
  thrown in /var/www/vhosts/careerjobs.de/httpdocs/general_functions/database.php on line 71
[20-Aug-2024 06:59:15 UTC] PHP Fatal error:  Uncaught Error: Undefined constant "TEXT_INFO_JOBSEEKERS" in /var/www/vhosts/careerjobs.de/httpdocs/my_admin/admin1_control_panel.php:72
Stack trace:
#0 {main}
  thrown in /var/www/vhosts/careerjobs.de/httpdocs/my_admin/admin1_control_panel.php on line 72
[20-Aug-2024 08:25:35 UTC] PHP Fatal error:  Uncaught Error: Undefined constant "HEADING_TITLE" in /var/www/vhosts/careerjobs.de/httpdocs/my_admin/index.php:61
Stack trace:
#0 {main}
  thrown in /var/www/vhosts/careerjobs.de/httpdocs/my_admin/index.php on line 61
[20-Aug-2024 08:25:54 UTC] PHP Fatal error:  Uncaught Error: Undefined constant "TEXT_INFO_JOBSEEKERS" in /var/www/vhosts/careerjobs.de/httpdocs/my_admin/admin1_control_panel.php:72
Stack trace:
#0 {main}
  thrown in /var/www/vhosts/careerjobs.de/httpdocs/my_admin/admin1_control_panel.php on line 72
[20-Aug-2024 09:08:40 UTC] PHP Fatal error:  Uncaught mysqli_sql_exception: Unknown column 'de_sal_name' in 'field list' in /var/www/vhosts/careerjobs.de/httpdocs/general_functions/database.php:71
Stack trace:
#0 /var/www/vhosts/careerjobs.de/httpdocs/general_functions/database.php(71): mysqli_query()
#1 /var/www/vhosts/careerjobs.de/httpdocs/classinc/functions.php(221): tep_db_query()
#2 /var/www/vhosts/careerjobs.de/httpdocs/job_search.php(829): LIST_TABLE()
#3 {main}
  thrown in /var/www/vhosts/careerjobs.de/httpdocs/general_functions/database.php on line 71
[20-Aug-2024 09:08:51 UTC] PHP Fatal error:  Uncaught mysqli_sql_exception: Unknown column 'de_sal_name' in 'field list' in /var/www/vhosts/careerjobs.de/httpdocs/general_functions/database.php:71
Stack trace:
#0 /var/www/vhosts/careerjobs.de/httpdocs/general_functions/database.php(71): mysqli_query()
#1 /var/www/vhosts/careerjobs.de/httpdocs/classinc/functions.php(221): tep_db_query()
#2 /var/www/vhosts/careerjobs.de/httpdocs/job_search.php(829): LIST_TABLE()
#3 {main}
  thrown in /var/www/vhosts/careerjobs.de/httpdocs/general_functions/database.php on line 71
[20-Aug-2024 09:09:02 UTC] PHP Fatal error:  Uncaught mysqli_sql_exception: Unknown column 'de_sal_name' in 'field list' in /var/www/vhosts/careerjobs.de/httpdocs/general_functions/database.php:71
Stack trace:
#0 /var/www/vhosts/careerjobs.de/httpdocs/general_functions/database.php(71): mysqli_query()
#1 /var/www/vhosts/careerjobs.de/httpdocs/classinc/functions.php(221): tep_db_query()
#2 /var/www/vhosts/careerjobs.de/httpdocs/job_search.php(829): LIST_TABLE()
#3 {main}
  thrown in /var/www/vhosts/careerjobs.de/httpdocs/general_functions/database.php on line 71
[20-Aug-2024 09:09:24 UTC] PHP Fatal error:  Uncaught mysqli_sql_exception: Unknown column 'de_sal_name' in 'field list' in /var/www/vhosts/careerjobs.de/httpdocs/general_functions/database.php:71
Stack trace:
#0 /var/www/vhosts/careerjobs.de/httpdocs/general_functions/database.php(71): mysqli_query()
#1 /var/www/vhosts/careerjobs.de/httpdocs/classinc/functions.php(221): tep_db_query()
#2 /var/www/vhosts/careerjobs.de/httpdocs/job_search.php(829): LIST_TABLE()
#3 {main}
  thrown in /var/www/vhosts/careerjobs.de/httpdocs/general_functions/database.php on line 71
[20-Aug-2024 12:05:10 UTC] PHP Fatal error:  Uncaught Error: Undefined constant "HEADING_TITLE" in /var/www/vhosts/careerjobs.de/httpdocs/my_admin/index.php:61
Stack trace:
#0 {main}
  thrown in /var/www/vhosts/careerjobs.de/httpdocs/my_admin/index.php on line 61
[20-Aug-2024 12:14:56 UTC] PHP Fatal error:  Uncaught Error: Undefined constant "INFO_TEXT_Contact_Us" in /var/www/vhosts/careerjobs.de/httpdocs/site_map.php:89
Stack trace:
#0 {main}
  thrown in /var/www/vhosts/careerjobs.de/httpdocs/site_map.php on line 89
[20-Aug-2024 12:17:08 UTC] PHP Fatal error:  Uncaught Error: Undefined constant "INFO_TEXT_Contact_Us" in /var/www/vhosts/careerjobs.de/httpdocs/site_map.php:89
Stack trace:
#0 {main}
  thrown in /var/www/vhosts/careerjobs.de/httpdocs/site_map.php on line 89
[20-Aug-2024 12:29:49 UTC] PHP Fatal error:  Uncaught mysqli_sql_exception: Unknown column 'de_sal_name' in 'field list' in /var/www/vhosts/careerjobs.de/httpdocs/general_functions/database.php:71
Stack trace:
#0 /var/www/vhosts/careerjobs.de/httpdocs/general_functions/database.php(71): mysqli_query()
#1 /var/www/vhosts/careerjobs.de/httpdocs/classinc/functions.php(221): tep_db_query()
#2 /var/www/vhosts/careerjobs.de/httpdocs/job_search.php(829): LIST_TABLE()
#3 {main}
  thrown in /var/www/vhosts/careerjobs.de/httpdocs/general_functions/database.php on line 71
[20-Aug-2024 12:30:02 UTC] PHP Fatal error:  Uncaught mysqli_sql_exception: Unknown column 'de_sal_name' in 'field list' in /var/www/vhosts/careerjobs.de/httpdocs/general_functions/database.php:71
Stack trace:
#0 /var/www/vhosts/careerjobs.de/httpdocs/general_functions/database.php(71): mysqli_query()
#1 /var/www/vhosts/careerjobs.de/httpdocs/classinc/functions.php(221): tep_db_query()
#2 /var/www/vhosts/careerjobs.de/httpdocs/job_search.php(829): LIST_TABLE()
#3 {main}
  thrown in /var/www/vhosts/careerjobs.de/httpdocs/general_functions/database.php on line 71
[20-Aug-2024 12:30:52 UTC] PHP Fatal error:  Uncaught mysqli_sql_exception: Unknown column 'de_sal_name' in 'field list' in /var/www/vhosts/careerjobs.de/httpdocs/general_functions/database.php:71
Stack trace:
#0 /var/www/vhosts/careerjobs.de/httpdocs/general_functions/database.php(71): mysqli_query()
#1 /var/www/vhosts/careerjobs.de/httpdocs/classinc/functions.php(221): tep_db_query()
#2 /var/www/vhosts/careerjobs.de/httpdocs/job_search.php(829): LIST_TABLE()
#3 {main}
  thrown in /var/www/vhosts/careerjobs.de/httpdocs/general_functions/database.php on line 71
[20-Aug-2024 12:37:52 UTC] PHP Fatal error:  Uncaught Error: Undefined constant "INFO_TEXT_Contact_Us" in /var/www/vhosts/careerjobs.de/httpdocs/site_map.php:89
Stack trace:
#0 {main}
  thrown in /var/www/vhosts/careerjobs.de/httpdocs/site_map.php on line 89
[20-Aug-2024 12:47:04 UTC] PHP Fatal error:  Uncaught Error: Undefined constant "INFO_TEXT_Contact_Us" in /var/www/vhosts/careerjobs.de/httpdocs/site_map.php:89
Stack trace:
#0 {main}
  thrown in /var/www/vhosts/careerjobs.de/httpdocs/site_map.php on line 89
[20-Aug-2024 13:15:15 UTC] PHP Fatal error:  Uncaught Error: Undefined constant "INFO_TEXT_ALERT_TEXT" in /var/www/vhosts/careerjobs.de/httpdocs/themes/careerjobs/home.php:386
Stack trace:
#0 /var/www/vhosts/careerjobs.de/httpdocs/index.php(4): include_once()
#1 {main}
  thrown in /var/www/vhosts/careerjobs.de/httpdocs/themes/careerjobs/home.php on line 386
[20-Aug-2024 13:15:17 UTC] PHP Fatal error:  Uncaught Error: Undefined constant "INFO_TEXT_ALERT_TEXT" in /var/www/vhosts/careerjobs.de/httpdocs/themes/careerjobs/home.php:386
Stack trace:
#0 /var/www/vhosts/careerjobs.de/httpdocs/index.php(4): include_once()
#1 {main}
  thrown in /var/www/vhosts/careerjobs.de/httpdocs/themes/careerjobs/home.php on line 386
[20-Aug-2024 13:15:18 UTC] PHP Fatal error:  Uncaught Error: Undefined constant "INFO_TEXT_ALERT_TEXT" in /var/www/vhosts/careerjobs.de/httpdocs/themes/careerjobs/home.php:386
Stack trace:
#0 /var/www/vhosts/careerjobs.de/httpdocs/index.php(4): include_once()
#1 {main}
  thrown in /var/www/vhosts/careerjobs.de/httpdocs/themes/careerjobs/home.php on line 386
[20-Aug-2024 13:16:16 UTC] PHP Fatal error:  Uncaught Error: Undefined constant "INFO_TEXT_ALERT_TEXT" in /var/www/vhosts/careerjobs.de/httpdocs/themes/careerjobs/home.php:386
Stack trace:
#0 /var/www/vhosts/careerjobs.de/httpdocs/index.php(4): include_once()
#1 {main}
  thrown in /var/www/vhosts/careerjobs.de/httpdocs/themes/careerjobs/home.php on line 386
[20-Aug-2024 13:16:17 UTC] PHP Fatal error:  Uncaught Error: Undefined constant "INFO_TEXT_ALERT_TEXT" in /var/www/vhosts/careerjobs.de/httpdocs/themes/careerjobs/home.php:386
Stack trace:
#0 /var/www/vhosts/careerjobs.de/httpdocs/index.php(4): include_once()
#1 {main}
  thrown in /var/www/vhosts/careerjobs.de/httpdocs/themes/careerjobs/home.php on line 386
[20-Aug-2024 13:17:39 UTC] PHP Fatal error:  Uncaught Error: Undefined constant "CREATE_JOB_ALERT" in /var/www/vhosts/careerjobs.de/httpdocs/themes/careerjobs/home.php:277
Stack trace:
#0 /var/www/vhosts/careerjobs.de/httpdocs/index.php(4): include_once()
#1 {main}
  thrown in /var/www/vhosts/careerjobs.de/httpdocs/themes/careerjobs/home.php on line 277
[20-Aug-2024 13:18:16 UTC] PHP Fatal error:  Uncaught Error: Undefined constant "CREATE_JOB_ALERT" in /var/www/vhosts/careerjobs.de/httpdocs/themes/careerjobs/home.php:277
Stack trace:
#0 /var/www/vhosts/careerjobs.de/httpdocs/index.php(4): include_once()
#1 {main}
  thrown in /var/www/vhosts/careerjobs.de/httpdocs/themes/careerjobs/home.php on line 277
[20-Aug-2024 13:18:21 UTC] PHP Fatal error:  Uncaught Error: Undefined constant "CREATE_JOB_ALERT" in /var/www/vhosts/careerjobs.de/httpdocs/themes/careerjobs/home.php:277
Stack trace:
#0 /var/www/vhosts/careerjobs.de/httpdocs/index.php(4): include_once()
#1 {main}
  thrown in /var/www/vhosts/careerjobs.de/httpdocs/themes/careerjobs/home.php on line 277
[20-Aug-2024 13:18:31 UTC] PHP Fatal error:  Uncaught Error: Undefined constant "CREATE_JOB_ALERT" in /var/www/vhosts/careerjobs.de/httpdocs/themes/careerjobs/home.php:332
Stack trace:
#0 /var/www/vhosts/careerjobs.de/httpdocs/index.php(4): include_once()
#1 {main}
  thrown in /var/www/vhosts/careerjobs.de/httpdocs/themes/careerjobs/home.php on line 332
[20-Aug-2024 13:18:35 UTC] PHP Fatal error:  Uncaught Error: Undefined constant "CREATE_JOB_ALERT" in /var/www/vhosts/careerjobs.de/httpdocs/themes/careerjobs/home.php:332
Stack trace:
#0 /var/www/vhosts/careerjobs.de/httpdocs/index.php(4): include_once()
#1 {main}
  thrown in /var/www/vhosts/careerjobs.de/httpdocs/themes/careerjobs/home.php on line 332
[20-Aug-2024 13:18:37 UTC] PHP Fatal error:  Uncaught Error: Undefined constant "CREATE_JOB_ALERT" in /var/www/vhosts/careerjobs.de/httpdocs/themes/careerjobs/home.php:332
Stack trace:
#0 /var/www/vhosts/careerjobs.de/httpdocs/index.php(4): include_once()
#1 {main}
  thrown in /var/www/vhosts/careerjobs.de/httpdocs/themes/careerjobs/home.php on line 332
[20-Aug-2024 13:18:38 UTC] PHP Fatal error:  Uncaught Error: Undefined constant "CREATE_JOB_ALERT" in /var/www/vhosts/careerjobs.de/httpdocs/themes/careerjobs/home.php:332
Stack trace:
#0 /var/www/vhosts/careerjobs.de/httpdocs/index.php(4): include_once()
#1 {main}
  thrown in /var/www/vhosts/careerjobs.de/httpdocs/themes/careerjobs/home.php on line 332
[20-Aug-2024 13:18:38 UTC] PHP Fatal error:  Uncaught Error: Undefined constant "CREATE_JOB_ALERT" in /var/www/vhosts/careerjobs.de/httpdocs/themes/careerjobs/home.php:332
Stack trace:
#0 /var/www/vhosts/careerjobs.de/httpdocs/index.php(4): include_once()
#1 {main}
  thrown in /var/www/vhosts/careerjobs.de/httpdocs/themes/careerjobs/home.php on line 332
[20-Aug-2024 13:19:15 UTC] PHP Fatal error:  Uncaught Error: Undefined constant "CREATE_JOB_ALERT" in /var/www/vhosts/careerjobs.de/httpdocs/themes/careerjobs/home.php:277
Stack trace:
#0 /var/www/vhosts/careerjobs.de/httpdocs/index.php(4): include_once()
#1 {main}
  thrown in /var/www/vhosts/careerjobs.de/httpdocs/themes/careerjobs/home.php on line 277
[20-Aug-2024 13:50:18 UTC] PHP Fatal error:  Uncaught Error: Undefined constant "TEXT_EMAIL_ADDRESS" in /var/www/vhosts/careerjobs.de/httpdocs/themes/careerjobs/home.php:277
Stack trace:
#0 /var/www/vhosts/careerjobs.de/httpdocs/index.php(4): include_once()
#1 {main}
  thrown in /var/www/vhosts/careerjobs.de/httpdocs/themes/careerjobs/home.php on line 277
[20-Aug-2024 16:38:55 UTC] PHP Fatal error:  Uncaught Error: Undefined constant "INFO_TEXT_Contact_Us" in /var/www/vhosts/careerjobs.de/httpdocs/site_map.php:89
Stack trace:
#0 {main}
  thrown in /var/www/vhosts/careerjobs.de/httpdocs/site_map.php on line 89
[20-Aug-2024 23:27:41 UTC] PHP Fatal error:  Uncaught Error: Undefined constant "INFO_TEXT_Contact_Us" in /var/www/vhosts/careerjobs.de/httpdocs/site_map.php:89
Stack trace:
#0 {main}
  thrown in /var/www/vhosts/careerjobs.de/httpdocs/site_map.php on line 89
[21-Aug-2024 03:18:47 UTC] PHP Fatal error:  Uncaught Error: Undefined constant "INFO_TEXT_Contact_Us" in /var/www/vhosts/careerjobs.de/httpdocs/site_map.php:89
Stack trace:
#0 {main}
  thrown in /var/www/vhosts/careerjobs.de/httpdocs/site_map.php on line 89
[21-Aug-2024 03:20:50 UTC] PHP Fatal error:  Uncaught Error: Undefined constant "INFO_TEXT_Contact_Us" in /var/www/vhosts/careerjobs.de/httpdocs/site_map.php:89
Stack trace:
#0 {main}
  thrown in /var/www/vhosts/careerjobs.de/httpdocs/site_map.php on line 89
[21-Aug-2024 05:53:43 UTC] PHP Fatal error:  Uncaught Error: Undefined constant "TEXT_ADD_RESUMES" in /var/www/vhosts/careerjobs.de/httpdocs/jobseeker_control_panel.php:250
Stack trace:
#0 {main}
  thrown in /var/www/vhosts/careerjobs.de/httpdocs/jobseeker_control_panel.php on line 250
[21-Aug-2024 05:59:34 UTC] PHP Fatal error:  Uncaught Error: Undefined constant "MY_APPLICATIONS" in /var/www/vhosts/careerjobs.de/httpdocs/jobseeker_control_panel.php:325
Stack trace:
#0 {main}
  thrown in /var/www/vhosts/careerjobs.de/httpdocs/jobseeker_control_panel.php on line 325
[21-Aug-2024 05:59:35 UTC] PHP Fatal error:  Uncaught Error: Undefined constant "MY_APPLICATIONS" in /var/www/vhosts/careerjobs.de/httpdocs/jobseeker_control_panel.php:325
Stack trace:
#0 {main}
  thrown in /var/www/vhosts/careerjobs.de/httpdocs/jobseeker_control_panel.php on line 325
[21-Aug-2024 05:59:36 UTC] PHP Fatal error:  Uncaught Error: Undefined constant "MY_APPLICATIONS" in /var/www/vhosts/careerjobs.de/httpdocs/jobseeker_control_panel.php:325
Stack trace:
#0 {main}
  thrown in /var/www/vhosts/careerjobs.de/httpdocs/jobseeker_control_panel.php on line 325
[21-Aug-2024 05:59:36 UTC] PHP Fatal error:  Uncaught Error: Undefined constant "MY_APPLICATIONS" in /var/www/vhosts/careerjobs.de/httpdocs/jobseeker_control_panel.php:325
Stack trace:
#0 {main}
  thrown in /var/www/vhosts/careerjobs.de/httpdocs/jobseeker_control_panel.php on line 325
[21-Aug-2024 06:44:02 UTC] PHP Fatal error:  Uncaught TypeError: number_format(): Argument #1 ($num) must be of type int|float, string given in /var/www/vhosts/careerjobs.de/httpdocs/class/currencies.php:59
Stack trace:
#0 /var/www/vhosts/careerjobs.de/httpdocs/class/currencies.php(59): number_format()
#1 /var/www/vhosts/careerjobs.de/httpdocs/modules/payment/paypal.php(88): currencies->format_without_symbol()
#2 /var/www/vhosts/careerjobs.de/httpdocs/class/payment.php(161): paypal->process_button()
#3 /var/www/vhosts/careerjobs.de/httpdocs/checkout_confirmation.php(182): payment->process_button()
#4 {main}
  thrown in /var/www/vhosts/careerjobs.de/httpdocs/class/currencies.php on line 59
[21-Aug-2024 07:10:47 UTC] PHP Fatal error:  Uncaught Error: Undefined constant "COOKIE_TEXT" in /var/www/vhosts/careerjobs.de/httpdocs/themes/careerjobs/header.php:549
Stack trace:
#0 /var/www/vhosts/careerjobs.de/httpdocs/body.php(3): include_once()
#1 /var/www/vhosts/careerjobs.de/httpdocs/article.php(9): include_once('...')
#2 {main}
  thrown in /var/www/vhosts/careerjobs.de/httpdocs/themes/careerjobs/header.php on line 549
[21-Aug-2024 08:03:00 UTC] PHP Fatal error:  Uncaught Error: Undefined constant "INFO_TEXT_POST_JOB" in /var/www/vhosts/careerjobs.de/httpdocs/my_admin/admin1_list_of_recruiters.php:447
Stack trace:
#0 {main}
  thrown in /var/www/vhosts/careerjobs.de/httpdocs/my_admin/admin1_list_of_recruiters.php on line 447
[21-Aug-2024 08:03:03 UTC] PHP Fatal error:  Uncaught Error: Undefined constant "INFO_TEXT_POST_JOB" in /var/www/vhosts/careerjobs.de/httpdocs/my_admin/admin1_list_of_recruiters.php:447
Stack trace:
#0 {main}
  thrown in /var/www/vhosts/careerjobs.de/httpdocs/my_admin/admin1_list_of_recruiters.php on line 447
[21-Aug-2024 08:03:11 UTC] PHP Fatal error:  Uncaught Error: Undefined constant "TABLE_HEADINGVIEWED" in /var/www/vhosts/careerjobs.de/httpdocs/my_resumes.php:332
Stack trace:
#0 {main}
  thrown in /var/www/vhosts/careerjobs.de/httpdocs/my_resumes.php on line 332
[21-Aug-2024 08:03:26 UTC] PHP Fatal error:  Uncaught Error: Undefined constant "TABLE_HEADINGVIEWED" in /var/www/vhosts/careerjobs.de/httpdocs/my_resumes.php:332
Stack trace:
#0 {main}
  thrown in /var/www/vhosts/careerjobs.de/httpdocs/my_resumes.php on line 332
[21-Aug-2024 08:04:23 UTC] PHP Fatal error:  Uncaught Error: Undefined constant "TABLE_HEADINGVIEWED" in /var/www/vhosts/careerjobs.de/httpdocs/my_resumes.php:332
Stack trace:
#0 {main}
  thrown in /var/www/vhosts/careerjobs.de/httpdocs/my_resumes.php on line 332
[21-Aug-2024 08:08:53 UTC] PHP Fatal error:  Uncaught Error: Undefined constant "INFO_TEXT_POST_JOB" in /var/www/vhosts/careerjobs.de/httpdocs/my_admin/admin1_list_of_recruiters.php:447
Stack trace:
#0 {main}
  thrown in /var/www/vhosts/careerjobs.de/httpdocs/my_admin/admin1_list_of_recruiters.php on line 447
[21-Aug-2024 08:08:55 UTC] PHP Fatal error:  Uncaught Error: Undefined constant "INFO_TEXT_POST_JOB" in /var/www/vhosts/careerjobs.de/httpdocs/my_admin/admin1_list_of_recruiters.php:447
Stack trace:
#0 {main}
  thrown in /var/www/vhosts/careerjobs.de/httpdocs/my_admin/admin1_list_of_recruiters.php on line 447
[21-Aug-2024 08:09:44 UTC] PHP Fatal error:  Uncaught Error: Undefined constant "INFO_TEXT_POST_JOB" in /var/www/vhosts/careerjobs.de/httpdocs/my_admin/admin1_list_of_recruiters.php:447
Stack trace:
#0 {main}
  thrown in /var/www/vhosts/careerjobs.de/httpdocs/my_admin/admin1_list_of_recruiters.php on line 447
[21-Aug-2024 08:13:15 UTC] PHP Fatal error:  Uncaught Error: Undefined constant "TABLE_HEADINGVIEWED" in /var/www/vhosts/careerjobs.de/httpdocs/my_resumes.php:332
Stack trace:
#0 {main}
  thrown in /var/www/vhosts/careerjobs.de/httpdocs/my_resumes.php on line 332
[21-Aug-2024 08:30:06 UTC] PHP Fatal error:  Uncaught TypeError: number_format(): Argument #1 ($num) must be of type int|float, string given in /var/www/vhosts/careerjobs.de/httpdocs/class/currencies.php:59
Stack trace:
#0 /var/www/vhosts/careerjobs.de/httpdocs/class/currencies.php(59): number_format()
#1 /var/www/vhosts/careerjobs.de/httpdocs/modules/payment/paypal.php(88): currencies->format_without_symbol()
#2 /var/www/vhosts/careerjobs.de/httpdocs/class/payment.php(161): paypal->process_button()
#3 /var/www/vhosts/careerjobs.de/httpdocs/checkout_confirmation.php(182): payment->process_button()
#4 {main}
  thrown in /var/www/vhosts/careerjobs.de/httpdocs/class/currencies.php on line 59
[21-Aug-2024 08:35:12 UTC] PHP Parse error:  syntax error, unexpected string content ")", expecting ")" in /var/www/vhosts/careerjobs.de/httpdocs/language/german/checkout_payment.php on line 38
[21-Aug-2024 08:35:27 UTC] PHP Parse error:  syntax error, unexpected string content ")", expecting ")" in /var/www/vhosts/careerjobs.de/httpdocs/language/german/checkout_payment.php on line 38
[21-Aug-2024 08:35:46 UTC] PHP Fatal error:  Uncaught mysqli_sql_exception: Unknown column 'de_name' in 'field list' in /var/www/vhosts/careerjobs.de/httpdocs/general_functions/database.php:71
Stack trace:
#0 /var/www/vhosts/careerjobs.de/httpdocs/general_functions/database.php(71): mysqli_query()
#1 /var/www/vhosts/careerjobs.de/httpdocs/general_functions/functions.php(991): tep_db_query()
#2 /var/www/vhosts/careerjobs.de/httpdocs/jobseeker_resume4.php(436): LIST_SET_DATA()
#3 {main}
  thrown in /var/www/vhosts/careerjobs.de/httpdocs/general_functions/database.php on line 71
[21-Aug-2024 08:37:04 UTC] PHP Fatal error:  Uncaught Error: Undefined constant "TABLE_HEADINGVIEWED" in /var/www/vhosts/careerjobs.de/httpdocs/my_resumes.php:332
Stack trace:
#0 {main}
  thrown in /var/www/vhosts/careerjobs.de/httpdocs/my_resumes.php on line 332
[21-Aug-2024 08:37:11 UTC] PHP Parse error:  syntax error, unexpected string content ");", expecting ")" in /var/www/vhosts/careerjobs.de/httpdocs/language/german/checkout_payment.php on line 38
[21-Aug-2024 08:37:14 UTC] PHP Parse error:  syntax error, unexpected string content ");", expecting ")" in /var/www/vhosts/careerjobs.de/httpdocs/language/german/checkout_payment.php on line 38
[21-Aug-2024 08:41:02 UTC] PHP Fatal error:  Uncaught Error: Undefined constant "TABLE_HEADINGVIEWED" in /var/www/vhosts/careerjobs.de/httpdocs/my_resumes.php:332
Stack trace:
#0 {main}
  thrown in /var/www/vhosts/careerjobs.de/httpdocs/my_resumes.php on line 332
[21-Aug-2024 08:41:38 UTC] PHP Fatal error:  Uncaught mysqli_sql_exception: Unknown column 'de_name' in 'field list' in /var/www/vhosts/careerjobs.de/httpdocs/general_functions/database.php:71
Stack trace:
#0 /var/www/vhosts/careerjobs.de/httpdocs/general_functions/database.php(71): mysqli_query()
#1 /var/www/vhosts/careerjobs.de/httpdocs/general_functions/functions.php(991): tep_db_query()
#2 /var/www/vhosts/careerjobs.de/httpdocs/jobseeker_resume4.php(436): LIST_SET_DATA()
#3 {main}
  thrown in /var/www/vhosts/careerjobs.de/httpdocs/general_functions/database.php on line 71
[21-Aug-2024 08:42:19 UTC] PHP Fatal error:  Uncaught mysqli_sql_exception: Unknown column 'de_name' in 'field list' in /var/www/vhosts/careerjobs.de/httpdocs/general_functions/database.php:71
Stack trace:
#0 /var/www/vhosts/careerjobs.de/httpdocs/general_functions/database.php(71): mysqli_query()
#1 /var/www/vhosts/careerjobs.de/httpdocs/general_functions/functions.php(991): tep_db_query()
#2 /var/www/vhosts/careerjobs.de/httpdocs/jobseeker_resume4.php(436): LIST_SET_DATA()
#3 {main}
  thrown in /var/www/vhosts/careerjobs.de/httpdocs/general_functions/database.php on line 71
[21-Aug-2024 08:42:54 UTC] PHP Fatal error:  Uncaught Error: Undefined constant "TABLE_HEADINGVIEWED" in /var/www/vhosts/careerjobs.de/httpdocs/my_resumes.php:332
Stack trace:
#0 {main}
  thrown in /var/www/vhosts/careerjobs.de/httpdocs/my_resumes.php on line 332
[21-Aug-2024 08:55:32 UTC] PHP Fatal error:  Uncaught mysqli_sql_exception: Unknown column 'de_name' in 'field list' in /var/www/vhosts/careerjobs.de/httpdocs/general_functions/database.php:71
Stack trace:
#0 /var/www/vhosts/careerjobs.de/httpdocs/general_functions/database.php(71): mysqli_query()
#1 /var/www/vhosts/careerjobs.de/httpdocs/general_functions/functions.php(991): tep_db_query()
#2 /var/www/vhosts/careerjobs.de/httpdocs/jobseeker_resume4.php(436): LIST_SET_DATA()
#3 {main}
  thrown in /var/www/vhosts/careerjobs.de/httpdocs/general_functions/database.php on line 71
[21-Aug-2024 08:55:45 UTC] PHP Fatal error:  Uncaught mysqli_sql_exception: Unknown column 'de_name' in 'field list' in /var/www/vhosts/careerjobs.de/httpdocs/general_functions/database.php:71
Stack trace:
#0 /var/www/vhosts/careerjobs.de/httpdocs/general_functions/database.php(71): mysqli_query()
#1 /var/www/vhosts/careerjobs.de/httpdocs/general_functions/functions.php(991): tep_db_query()
#2 /var/www/vhosts/careerjobs.de/httpdocs/jobseeker_resume4.php(436): LIST_SET_DATA()
#3 {main}
  thrown in /var/www/vhosts/careerjobs.de/httpdocs/general_functions/database.php on line 71
[21-Aug-2024 09:41:20 UTC] PHP Fatal error:  Uncaught Error: Undefined constant "HEADING_TITLE" in /var/www/vhosts/careerjobs.de/httpdocs/reports/recruiter-reports.php:40
Stack trace:
#0 {main}
  thrown in /var/www/vhosts/careerjobs.de/httpdocs/reports/recruiter-reports.php on line 40
[21-Aug-2024 10:18:03 UTC] PHP Fatal error:  Uncaught Error: Undefined constant "MOST_POPPULAR_JOBS" in /var/www/vhosts/careerjobs.de/httpdocs/reports/recruiter-reports.php:134
Stack trace:
#0 /var/www/vhosts/careerjobs.de/httpdocs/reports/recruiter-reports.php(53): createTabButtons()
#1 {main}
  thrown in /var/www/vhosts/careerjobs.de/httpdocs/reports/recruiter-reports.php on line 134
[21-Aug-2024 10:18:40 UTC] PHP Fatal error:  Uncaught Error: Undefined constant "MOST_POPPULAR_JOBS" in /var/www/vhosts/careerjobs.de/httpdocs/reports/recruiter-reports.php:134
Stack trace:
#0 /var/www/vhosts/careerjobs.de/httpdocs/reports/recruiter-reports.php(53): createTabButtons()
#1 {main}
  thrown in /var/www/vhosts/careerjobs.de/httpdocs/reports/recruiter-reports.php on line 134
[21-Aug-2024 10:18:41 UTC] PHP Fatal error:  Uncaught Error: Undefined constant "MOST_POPPULAR_JOBS" in /var/www/vhosts/careerjobs.de/httpdocs/reports/recruiter-reports.php:134
Stack trace:
#0 /var/www/vhosts/careerjobs.de/httpdocs/reports/recruiter-reports.php(53): createTabButtons()
#1 {main}
  thrown in /var/www/vhosts/careerjobs.de/httpdocs/reports/recruiter-reports.php on line 134
[21-Aug-2024 10:18:41 UTC] PHP Fatal error:  Uncaught Error: Undefined constant "MOST_POPPULAR_JOBS" in /var/www/vhosts/careerjobs.de/httpdocs/reports/recruiter-reports.php:134
Stack trace:
#0 /var/www/vhosts/careerjobs.de/httpdocs/reports/recruiter-reports.php(53): createTabButtons()
#1 {main}
  thrown in /var/www/vhosts/careerjobs.de/httpdocs/reports/recruiter-reports.php on line 134
[21-Aug-2024 10:48:21 UTC] PHP Fatal error:  Uncaught Error: Undefined constant "BTN_SEARCH" in /var/www/vhosts/careerjobs.de/httpdocs/search_resume1.php:398
Stack trace:
#0 {main}
  thrown in /var/www/vhosts/careerjobs.de/httpdocs/search_resume1.php on line 398
[21-Aug-2024 11:22:58 UTC] PHP Fatal error:  Uncaught Error: Undefined constant "BTN_SEND" in /var/www/vhosts/careerjobs.de/httpdocs/contact_us.php:109
Stack trace:
#0 {main}
  thrown in /var/www/vhosts/careerjobs.de/httpdocs/contact_us.php on line 109
[21-Aug-2024 12:04:54 UTC] PHP Fatal error:  Uncaught Error: Undefined constant "ddddd" in /var/www/vhosts/careerjobs.de/httpdocs/privacy.php:19
Stack trace:
#0 {main}
  thrown in /var/www/vhosts/careerjobs.de/httpdocs/privacy.php on line 19
[21-Aug-2024 12:48:40 UTC] PHP Fatal error:  Uncaught mysqli_sql_exception: Unknown column 'de_name' in 'field list' in /var/www/vhosts/careerjobs.de/httpdocs/general_functions/database.php:71
Stack trace:
#0 /var/www/vhosts/careerjobs.de/httpdocs/general_functions/database.php(71): mysqli_query()
#1 /var/www/vhosts/careerjobs.de/httpdocs/general_functions/functions.php(991): tep_db_query()
#2 /var/www/vhosts/careerjobs.de/httpdocs/jobseeker_resume4.php(436): LIST_SET_DATA()
#3 {main}
  thrown in /var/www/vhosts/careerjobs.de/httpdocs/general_functions/database.php on line 71
[21-Aug-2024 12:49:55 UTC] PHP Fatal error:  Uncaught mysqli_sql_exception: Unknown column 'de_name' in 'field list' in /var/www/vhosts/careerjobs.de/httpdocs/general_functions/database.php:71
Stack trace:
#0 /var/www/vhosts/careerjobs.de/httpdocs/general_functions/database.php(71): mysqli_query()
#1 /var/www/vhosts/careerjobs.de/httpdocs/general_functions/functions.php(991): tep_db_query()
#2 /var/www/vhosts/careerjobs.de/httpdocs/jobseeker_resume4.php(436): LIST_SET_DATA()
#3 {main}
  thrown in /var/www/vhosts/careerjobs.de/httpdocs/general_functions/database.php on line 71
[21-Aug-2024 12:51:55 UTC] PHP Fatal error:  Uncaught mysqli_sql_exception: Unknown column 'de_name' in 'field list' in /var/www/vhosts/careerjobs.de/httpdocs/general_functions/database.php:71
Stack trace:
#0 /var/www/vhosts/careerjobs.de/httpdocs/general_functions/database.php(71): mysqli_query()
#1 /var/www/vhosts/careerjobs.de/httpdocs/general_functions/functions.php(991): tep_db_query()
#2 /var/www/vhosts/careerjobs.de/httpdocs/jobseeker_resume4.php(436): LIST_SET_DATA()
#3 {main}
  thrown in /var/www/vhosts/careerjobs.de/httpdocs/general_functions/database.php on line 71
[23-Aug-2024 08:58:30 UTC] PHP Fatal error:  Uncaught mysqli_sql_exception: Table 'admin_careerjobs.company_sizes' doesn't exist in /var/www/vhosts/careerjobs.de/httpdocs/general_functions/database.php:71
Stack trace:
#0 /var/www/vhosts/careerjobs.de/httpdocs/general_functions/database.php(71): mysqli_query()
#1 /var/www/vhosts/careerjobs.de/httpdocs/classinc/functions.php(221): tep_db_query()
#2 /var/www/vhosts/careerjobs.de/httpdocs/post_job.php(994): LIST_TABLE()
#3 {main}
  thrown in /var/www/vhosts/careerjobs.de/httpdocs/general_functions/database.php on line 71
[23-Aug-2024 09:09:17 UTC] PHP Fatal error:  Uncaught Error: Undefined constant "CONFIGURATION_TABLE" in /var/www/vhosts/careerjobs.de/httpdocs/class/configuration.php:21
Stack trace:
#0 /var/www/vhosts/careerjobs.de/httpdocs/classinc/variable1.php(9): configuration->__construct()
#1 /var/www/vhosts/careerjobs.de/httpdocs/include_files.php(42): include_once('...')
#2 /var/www/vhosts/careerjobs.de/httpdocs/index.php(2): include_once('...')
#3 {main}
  thrown in /var/www/vhosts/careerjobs.de/httpdocs/class/configuration.php on line 21
[23-Aug-2024 11:57:55 UTC] PHP Fatal error:  Uncaught Error: Undefined constant "FILENAME_ADMIN1_ADMIN_PROFESSION" in /var/www/vhosts/careerjobs.de/httpdocs/box/admin_setting.php:71
Stack trace:
#0 /var/www/vhosts/careerjobs.de/httpdocs/my_admin/admin_left.php(90): include_once()
#1 /var/www/vhosts/careerjobs.de/httpdocs/my_admin/admin_body.php(18): include_once('...')
#2 /var/www/vhosts/careerjobs.de/httpdocs/my_admin/user_category.php(16): include_once('...')
#3 {main}
  thrown in /var/www/vhosts/careerjobs.de/httpdocs/box/admin_setting.php on line 71
[23-Aug-2024 22:07:01 UTC] PHP Fatal error:  Uncaught Error: Call to undefined function each() in /var/www/vhosts/careerjobs.de/httpdocs/cron_job/database_backup.php:59
Stack trace:
#0 {main}
  thrown in /var/www/vhosts/careerjobs.de/httpdocs/cron_job/database_backup.php on line 59
[24-Aug-2024 22:07:01 UTC] PHP Fatal error:  Uncaught Error: Call to undefined function each() in /var/www/vhosts/careerjobs.de/httpdocs/cron_job/database_backup.php:59
Stack trace:
#0 {main}
  thrown in /var/www/vhosts/careerjobs.de/httpdocs/cron_job/database_backup.php on line 59
[25-Aug-2024 22:07:01 UTC] PHP Fatal error:  Uncaught Error: Call to undefined function each() in /var/www/vhosts/careerjobs.de/httpdocs/cron_job/database_backup.php:59
Stack trace:
#0 {main}
  thrown in /var/www/vhosts/careerjobs.de/httpdocs/cron_job/database_backup.php on line 59
[26-Aug-2024 07:06:17 UTC] PHP Fatal error:  Uncaught Error: Undefined constant "ALL_CATEGORY" in /var/www/vhosts/careerjobs.de/httpdocs/themes/careerjobs/header_middle.php:13
Stack trace:
#0 /var/www/vhosts/careerjobs.de/httpdocs/body.php(8): include_once()
#1 /var/www/vhosts/careerjobs.de/httpdocs/index.php(3): include_once('...')
#2 {main}
  thrown in /var/www/vhosts/careerjobs.de/httpdocs/themes/careerjobs/header_middle.php on line 13
[26-Aug-2024 07:06:18 UTC] PHP Fatal error:  Uncaught Error: Undefined constant "ALL_CATEGORY" in /var/www/vhosts/careerjobs.de/httpdocs/themes/careerjobs/header_middle.php:13
Stack trace:
#0 /var/www/vhosts/careerjobs.de/httpdocs/body.php(8): include_once()
#1 /var/www/vhosts/careerjobs.de/httpdocs/index.php(3): include_once('...')
#2 {main}
  thrown in /var/www/vhosts/careerjobs.de/httpdocs/themes/careerjobs/header_middle.php on line 13
[26-Aug-2024 07:06:19 UTC] PHP Fatal error:  Uncaught Error: Undefined constant "ALL_CATEGORY" in /var/www/vhosts/careerjobs.de/httpdocs/themes/careerjobs/header_middle.php:13
Stack trace:
#0 /var/www/vhosts/careerjobs.de/httpdocs/body.php(8): include_once()
#1 /var/www/vhosts/careerjobs.de/httpdocs/index.php(3): include_once('...')
#2 {main}
  thrown in /var/www/vhosts/careerjobs.de/httpdocs/themes/careerjobs/header_middle.php on line 13
[26-Aug-2024 07:07:20 UTC] PHP Fatal error:  Uncaught Error: Undefined constant "ALL_CATEGORY" in /var/www/vhosts/careerjobs.de/httpdocs/themes/careerjobs/header_middle.php:13
Stack trace:
#0 /var/www/vhosts/careerjobs.de/httpdocs/body.php(8): include_once()
#1 /var/www/vhosts/careerjobs.de/httpdocs/index.php(3): include_once('...')
#2 {main}
  thrown in /var/www/vhosts/careerjobs.de/httpdocs/themes/careerjobs/header_middle.php on line 13
[26-Aug-2024 07:07:20 UTC] PHP Fatal error:  Uncaught Error: Undefined constant "ALL_CATEGORY" in /var/www/vhosts/careerjobs.de/httpdocs/themes/careerjobs/header_middle.php:13
Stack trace:
#0 /var/www/vhosts/careerjobs.de/httpdocs/body.php(8): include_once()
#1 /var/www/vhosts/careerjobs.de/httpdocs/index.php(3): include_once('...')
#2 {main}
  thrown in /var/www/vhosts/careerjobs.de/httpdocs/themes/careerjobs/header_middle.php on line 13
[26-Aug-2024 07:07:23 UTC] PHP Fatal error:  Uncaught Error: Undefined constant "ALL_CATEGORY" in /var/www/vhosts/careerjobs.de/httpdocs/themes/careerjobs/header_middle.php:13
Stack trace:
#0 /var/www/vhosts/careerjobs.de/httpdocs/body.php(8): include_once()
#1 /var/www/vhosts/careerjobs.de/httpdocs/index.php(3): include_once('...')
#2 {main}
  thrown in /var/www/vhosts/careerjobs.de/httpdocs/themes/careerjobs/header_middle.php on line 13
[26-Aug-2024 07:07:43 UTC] PHP Fatal error:  Uncaught Error: Undefined constant "ALL_CATEGORY" in /var/www/vhosts/careerjobs.de/httpdocs/themes/careerjobs/header_middle.php:13
Stack trace:
#0 /var/www/vhosts/careerjobs.de/httpdocs/body.php(8): include_once()
#1 /var/www/vhosts/careerjobs.de/httpdocs/index.php(3): include_once('...')
#2 {main}
  thrown in /var/www/vhosts/careerjobs.de/httpdocs/themes/careerjobs/header_middle.php on line 13
[26-Aug-2024 07:07:45 UTC] PHP Fatal error:  Uncaught Error: Undefined constant "ALL_CATEGORY" in /var/www/vhosts/careerjobs.de/httpdocs/themes/careerjobs/header_middle.php:13
Stack trace:
#0 /var/www/vhosts/careerjobs.de/httpdocs/body.php(8): include_once()
#1 /var/www/vhosts/careerjobs.de/httpdocs/index.php(3): include_once('...')
#2 {main}
  thrown in /var/www/vhosts/careerjobs.de/httpdocs/themes/careerjobs/header_middle.php on line 13
[26-Aug-2024 07:07:45 UTC] PHP Fatal error:  Uncaught Error: Undefined constant "ALL_CATEGORY" in /var/www/vhosts/careerjobs.de/httpdocs/themes/careerjobs/header_middle.php:13
Stack trace:
#0 /var/www/vhosts/careerjobs.de/httpdocs/body.php(8): include_once()
#1 /var/www/vhosts/careerjobs.de/httpdocs/index.php(3): include_once('...')
#2 {main}
  thrown in /var/www/vhosts/careerjobs.de/httpdocs/themes/careerjobs/header_middle.php on line 13
[26-Aug-2024 07:07:45 UTC] PHP Fatal error:  Uncaught Error: Undefined constant "ALL_CATEGORY" in /var/www/vhosts/careerjobs.de/httpdocs/themes/careerjobs/header_middle.php:13
Stack trace:
#0 /var/www/vhosts/careerjobs.de/httpdocs/body.php(8): include_once()
#1 /var/www/vhosts/careerjobs.de/httpdocs/index.php(3): include_once('...')
#2 {main}
  thrown in /var/www/vhosts/careerjobs.de/httpdocs/themes/careerjobs/header_middle.php on line 13
[26-Aug-2024 07:08:05 UTC] PHP Fatal error:  Uncaught Error: Undefined constant "ALL_CATEGORY" in /var/www/vhosts/careerjobs.de/httpdocs/themes/careerjobs/header_middle.php:13
Stack trace:
#0 /var/www/vhosts/careerjobs.de/httpdocs/body.php(8): include_once()
#1 /var/www/vhosts/careerjobs.de/httpdocs/index.php(3): include_once('...')
#2 {main}
  thrown in /var/www/vhosts/careerjobs.de/httpdocs/themes/careerjobs/header_middle.php on line 13
[26-Aug-2024 07:08:06 UTC] PHP Fatal error:  Uncaught Error: Undefined constant "ALL_CATEGORY" in /var/www/vhosts/careerjobs.de/httpdocs/themes/careerjobs/header_middle.php:13
Stack trace:
#0 /var/www/vhosts/careerjobs.de/httpdocs/body.php(8): include_once()
#1 /var/www/vhosts/careerjobs.de/httpdocs/index.php(3): include_once('...')
#2 {main}
  thrown in /var/www/vhosts/careerjobs.de/httpdocs/themes/careerjobs/header_middle.php on line 13
[26-Aug-2024 07:08:06 UTC] PHP Fatal error:  Uncaught Error: Undefined constant "ALL_CATEGORY" in /var/www/vhosts/careerjobs.de/httpdocs/themes/careerjobs/header_middle.php:13
Stack trace:
#0 /var/www/vhosts/careerjobs.de/httpdocs/body.php(8): include_once()
#1 /var/www/vhosts/careerjobs.de/httpdocs/index.php(3): include_once('...')
#2 {main}
  thrown in /var/www/vhosts/careerjobs.de/httpdocs/themes/careerjobs/header_middle.php on line 13
[26-Aug-2024 07:08:06 UTC] PHP Fatal error:  Uncaught Error: Undefined constant "ALL_CATEGORY" in /var/www/vhosts/careerjobs.de/httpdocs/themes/careerjobs/header_middle.php:13
Stack trace:
#0 /var/www/vhosts/careerjobs.de/httpdocs/body.php(8): include_once()
#1 /var/www/vhosts/careerjobs.de/httpdocs/index.php(3): include_once('...')
#2 {main}
  thrown in /var/www/vhosts/careerjobs.de/httpdocs/themes/careerjobs/header_middle.php on line 13
[26-Aug-2024 07:08:16 UTC] PHP Fatal error:  Uncaught Error: Undefined constant "ALL_CATEGORY" in /var/www/vhosts/careerjobs.de/httpdocs/themes/careerjobs/header_middle.php:13
Stack trace:
#0 /var/www/vhosts/careerjobs.de/httpdocs/body.php(8): include_once()
#1 /var/www/vhosts/careerjobs.de/httpdocs/index.php(3): include_once('...')
#2 {main}
  thrown in /var/www/vhosts/careerjobs.de/httpdocs/themes/careerjobs/header_middle.php on line 13
[26-Aug-2024 07:08:19 UTC] PHP Fatal error:  Uncaught Error: Undefined constant "ALL_CATEGORY" in /var/www/vhosts/careerjobs.de/httpdocs/themes/careerjobs/header_middle.php:13
Stack trace:
#0 /var/www/vhosts/careerjobs.de/httpdocs/body.php(8): include_once()
#1 /var/www/vhosts/careerjobs.de/httpdocs/index.php(3): include_once('...')
#2 {main}
  thrown in /var/www/vhosts/careerjobs.de/httpdocs/themes/careerjobs/header_middle.php on line 13
[26-Aug-2024 07:08:25 UTC] PHP Fatal error:  Uncaught Error: Undefined constant "ALL_CATEGORY" in /var/www/vhosts/careerjobs.de/httpdocs/themes/careerjobs/header_middle.php:13
Stack trace:
#0 /var/www/vhosts/careerjobs.de/httpdocs/body.php(8): include_once()
#1 /var/www/vhosts/careerjobs.de/httpdocs/index.php(3): include_once('...')
#2 {main}
  thrown in /var/www/vhosts/careerjobs.de/httpdocs/themes/careerjobs/header_middle.php on line 13
[26-Aug-2024 07:10:29 UTC] PHP Fatal error:  Uncaught Error: Undefined constant "ALL_CATEGORY" in /var/www/vhosts/careerjobs.de/httpdocs/themes/careerjobs/header_middle.php:13
Stack trace:
#0 /var/www/vhosts/careerjobs.de/httpdocs/body.php(8): include_once()
#1 /var/www/vhosts/careerjobs.de/httpdocs/index.php(3): include_once('...')
#2 {main}
  thrown in /var/www/vhosts/careerjobs.de/httpdocs/themes/careerjobs/header_middle.php on line 13
[26-Aug-2024 07:10:30 UTC] PHP Fatal error:  Uncaught Error: Undefined constant "ALL_CATEGORY" in /var/www/vhosts/careerjobs.de/httpdocs/themes/careerjobs/header_middle.php:13
Stack trace:
#0 /var/www/vhosts/careerjobs.de/httpdocs/body.php(8): include_once()
#1 /var/www/vhosts/careerjobs.de/httpdocs/index.php(3): include_once('...')
#2 {main}
  thrown in /var/www/vhosts/careerjobs.de/httpdocs/themes/careerjobs/header_middle.php on line 13
[26-Aug-2024 07:10:38 UTC] PHP Fatal error:  Uncaught Error: Undefined constant "ALL_CATEGORY" in /var/www/vhosts/careerjobs.de/httpdocs/themes/careerjobs/header_middle.php:13
Stack trace:
#0 /var/www/vhosts/careerjobs.de/httpdocs/body.php(8): include_once()
#1 /var/www/vhosts/careerjobs.de/httpdocs/index.php(3): include_once('...')
#2 {main}
  thrown in /var/www/vhosts/careerjobs.de/httpdocs/themes/careerjobs/header_middle.php on line 13
[26-Aug-2024 07:10:39 UTC] PHP Fatal error:  Uncaught Error: Undefined constant "ALL_CATEGORY" in /var/www/vhosts/careerjobs.de/httpdocs/themes/careerjobs/header_middle.php:13
Stack trace:
#0 /var/www/vhosts/careerjobs.de/httpdocs/body.php(8): include_once()
#1 /var/www/vhosts/careerjobs.de/httpdocs/index.php(3): include_once('...')
#2 {main}
  thrown in /var/www/vhosts/careerjobs.de/httpdocs/themes/careerjobs/header_middle.php on line 13
[26-Aug-2024 07:10:39 UTC] PHP Fatal error:  Uncaught Error: Undefined constant "ALL_CATEGORY" in /var/www/vhosts/careerjobs.de/httpdocs/themes/careerjobs/header_middle.php:13
Stack trace:
#0 /var/www/vhosts/careerjobs.de/httpdocs/body.php(8): include_once()
#1 /var/www/vhosts/careerjobs.de/httpdocs/index.php(3): include_once('...')
#2 {main}
  thrown in /var/www/vhosts/careerjobs.de/httpdocs/themes/careerjobs/header_middle.php on line 13
[26-Aug-2024 07:10:40 UTC] PHP Fatal error:  Uncaught Error: Undefined constant "ALL_CATEGORY" in /var/www/vhosts/careerjobs.de/httpdocs/themes/careerjobs/header_middle.php:13
Stack trace:
#0 /var/www/vhosts/careerjobs.de/httpdocs/body.php(8): include_once()
#1 /var/www/vhosts/careerjobs.de/httpdocs/index.php(3): include_once('...')
#2 {main}
  thrown in /var/www/vhosts/careerjobs.de/httpdocs/themes/careerjobs/header_middle.php on line 13
[26-Aug-2024 07:10:40 UTC] PHP Fatal error:  Uncaught Error: Undefined constant "ALL_CATEGORY" in /var/www/vhosts/careerjobs.de/httpdocs/themes/careerjobs/header_middle.php:13
Stack trace:
#0 /var/www/vhosts/careerjobs.de/httpdocs/body.php(8): include_once()
#1 /var/www/vhosts/careerjobs.de/httpdocs/index.php(3): include_once('...')
#2 {main}
  thrown in /var/www/vhosts/careerjobs.de/httpdocs/themes/careerjobs/header_middle.php on line 13
[26-Aug-2024 09:08:05 UTC] PHP Fatal error:  Uncaught Error: Undefined constant "GET_UNLIMITED" in /var/www/vhosts/careerjobs.de/httpdocs/lms/courses-list.php:107
Stack trace:
#0 {main}
  thrown in /var/www/vhosts/careerjobs.de/httpdocs/lms/courses-list.php on line 107
[26-Aug-2024 09:19:02 UTC] PHP Fatal error:  Uncaught Error: Undefined constant "ALL_CATEGORY" in /var/www/vhosts/careerjobs.de/httpdocs/themes/careerjobs/header_middle.php:13
Stack trace:
#0 /var/www/vhosts/careerjobs.de/httpdocs/body.php(8): include_once()
#1 /var/www/vhosts/careerjobs.de/httpdocs/index.php(3): include_once('...')
#2 {main}
  thrown in /var/www/vhosts/careerjobs.de/httpdocs/themes/careerjobs/header_middle.php on line 13
[26-Aug-2024 09:19:05 UTC] PHP Fatal error:  Uncaught Error: Undefined constant "ALL_CATEGORY" in /var/www/vhosts/careerjobs.de/httpdocs/themes/careerjobs/header_middle.php:13
Stack trace:
#0 /var/www/vhosts/careerjobs.de/httpdocs/body.php(8): include_once()
#1 /var/www/vhosts/careerjobs.de/httpdocs/index.php(3): include_once('...')
#2 {main}
  thrown in /var/www/vhosts/careerjobs.de/httpdocs/themes/careerjobs/header_middle.php on line 13
[26-Aug-2024 09:19:05 UTC] PHP Fatal error:  Uncaught Error: Undefined constant "ALL_CATEGORY" in /var/www/vhosts/careerjobs.de/httpdocs/themes/careerjobs/header_middle.php:13
Stack trace:
#0 /var/www/vhosts/careerjobs.de/httpdocs/body.php(8): include_once()
#1 /var/www/vhosts/careerjobs.de/httpdocs/index.php(3): include_once('...')
#2 {main}
  thrown in /var/www/vhosts/careerjobs.de/httpdocs/themes/careerjobs/header_middle.php on line 13
[26-Aug-2024 09:19:21 UTC] PHP Fatal error:  Uncaught Error: Undefined constant "ALL_CATEGORY" in /var/www/vhosts/careerjobs.de/httpdocs/themes/careerjobs/header_middle.php:13
Stack trace:
#0 /var/www/vhosts/careerjobs.de/httpdocs/body.php(8): include_once()
#1 /var/www/vhosts/careerjobs.de/httpdocs/index.php(3): include_once('...')
#2 {main}
  thrown in /var/www/vhosts/careerjobs.de/httpdocs/themes/careerjobs/header_middle.php on line 13
[26-Aug-2024 09:19:22 UTC] PHP Fatal error:  Uncaught Error: Undefined constant "ALL_CATEGORY" in /var/www/vhosts/careerjobs.de/httpdocs/themes/careerjobs/header_middle.php:13
Stack trace:
#0 /var/www/vhosts/careerjobs.de/httpdocs/body.php(8): include_once()
#1 /var/www/vhosts/careerjobs.de/httpdocs/index.php(3): include_once('...')
#2 {main}
  thrown in /var/www/vhosts/careerjobs.de/httpdocs/themes/careerjobs/header_middle.php on line 13
[26-Aug-2024 09:20:16 UTC] PHP Fatal error:  Uncaught Error: Undefined constant "ALL_CATEGORY" in /var/www/vhosts/careerjobs.de/httpdocs/themes/careerjobs/header_middle.php:13
Stack trace:
#0 /var/www/vhosts/careerjobs.de/httpdocs/body.php(8): include_once()
#1 /var/www/vhosts/careerjobs.de/httpdocs/index.php(3): include_once('...')
#2 {main}
  thrown in /var/www/vhosts/careerjobs.de/httpdocs/themes/careerjobs/header_middle.php on line 13
[26-Aug-2024 09:20:20 UTC] PHP Fatal error:  Uncaught Error: Undefined constant "ALL_CATEGORY" in /var/www/vhosts/careerjobs.de/httpdocs/themes/careerjobs/header_middle.php:13
Stack trace:
#0 /var/www/vhosts/careerjobs.de/httpdocs/body.php(8): include_once()
#1 /var/www/vhosts/careerjobs.de/httpdocs/index.php(3): include_once('...')
#2 {main}
  thrown in /var/www/vhosts/careerjobs.de/httpdocs/themes/careerjobs/header_middle.php on line 13
[26-Aug-2024 09:22:01 UTC] PHP Fatal error:  Uncaught Error: Undefined constant "ALL_CATEGORY" in /var/www/vhosts/careerjobs.de/httpdocs/themes/careerjobs/header_middle.php:13
Stack trace:
#0 /var/www/vhosts/careerjobs.de/httpdocs/body.php(8): include_once()
#1 /var/www/vhosts/careerjobs.de/httpdocs/index.php(3): include_once('...')
#2 {main}
  thrown in /var/www/vhosts/careerjobs.de/httpdocs/themes/careerjobs/header_middle.php on line 13
[26-Aug-2024 09:22:23 UTC] PHP Fatal error:  Uncaught Error: Undefined constant "ALL_CATEGORY" in /var/www/vhosts/careerjobs.de/httpdocs/themes/careerjobs/header_middle.php:13
Stack trace:
#0 /var/www/vhosts/careerjobs.de/httpdocs/body.php(8): include_once()
#1 /var/www/vhosts/careerjobs.de/httpdocs/index.php(3): include_once('...')
#2 {main}
  thrown in /var/www/vhosts/careerjobs.de/httpdocs/themes/careerjobs/header_middle.php on line 13
[26-Aug-2024 09:22:24 UTC] PHP Fatal error:  Uncaught Error: Undefined constant "ALL_CATEGORY" in /var/www/vhosts/careerjobs.de/httpdocs/themes/careerjobs/header_middle.php:13
Stack trace:
#0 /var/www/vhosts/careerjobs.de/httpdocs/body.php(8): include_once()
#1 /var/www/vhosts/careerjobs.de/httpdocs/index.php(3): include_once('...')
#2 {main}
  thrown in /var/www/vhosts/careerjobs.de/httpdocs/themes/careerjobs/header_middle.php on line 13
[26-Aug-2024 09:32:22 UTC] PHP Fatal error:  Maximum execution time of 30 seconds exceeded in /var/www/vhosts/careerjobs.de/httpdocs/general_functions/database.php on line 71
[26-Aug-2024 09:35:37 UTC] PHP Fatal error:  Maximum execution time of 30 seconds exceeded in /var/www/vhosts/careerjobs.de/httpdocs/general_functions/database.php on line 71
[26-Aug-2024 09:38:49 UTC] PHP Fatal error:  Maximum execution time of 30 seconds exceeded in /var/www/vhosts/careerjobs.de/httpdocs/general_functions/database.php on line 71
[26-Aug-2024 09:41:58 UTC] PHP Fatal error:  Maximum execution time of 30 seconds exceeded in /var/www/vhosts/careerjobs.de/httpdocs/general_functions/database.php on line 71
[26-Aug-2024 09:45:05 UTC] PHP Fatal error:  Maximum execution time of 30 seconds exceeded in /var/www/vhosts/careerjobs.de/httpdocs/general_functions/database.php on line 160
[26-Aug-2024 22:07:01 UTC] PHP Fatal error:  Uncaught Error: Call to undefined function each() in /var/www/vhosts/careerjobs.de/httpdocs/cron_job/database_backup.php:59
Stack trace:
#0 {main}
  thrown in /var/www/vhosts/careerjobs.de/httpdocs/cron_job/database_backup.php on line 59
[27-Aug-2024 11:47:49 UTC] PHP Fatal error:  Uncaught Error: Undefined constant "MODULE_PAYMENT_AUTHORIZENET_TEXT_TITLE" in /var/www/vhosts/careerjobs.de/httpdocs/modules/payment/authorizenet.php:10
Stack trace:
#0 /var/www/vhosts/careerjobs.de/httpdocs/my_admin/admin1_modules.php(72): authorizenet->__construct()
#1 {main}
  thrown in /var/www/vhosts/careerjobs.de/httpdocs/modules/payment/authorizenet.php on line 10
[27-Aug-2024 11:47:58 UTC] PHP Fatal error:  Uncaught Error: Undefined constant "MODULE_PAYMENT_MONEYORDER_TEXT_TITLE" in /var/www/vhosts/careerjobs.de/httpdocs/modules/payment/moneyorder.php:10
Stack trace:
#0 /var/www/vhosts/careerjobs.de/httpdocs/my_admin/admin1_modules.php(72): moneyorder->__construct()
#1 {main}
  thrown in /var/www/vhosts/careerjobs.de/httpdocs/modules/payment/moneyorder.php on line 10
[27-Aug-2024 22:07:01 UTC] PHP Fatal error:  Uncaught Error: Call to undefined function each() in /var/www/vhosts/careerjobs.de/httpdocs/cron_job/database_backup.php:59
Stack trace:
#0 {main}
  thrown in /var/www/vhosts/careerjobs.de/httpdocs/cron_job/database_backup.php on line 59
[28-Aug-2024 09:00:13 UTC] PHP Fatal error:  Uncaught Error: Undefined constant "ERROR_SUBSCRIPTION2" in /var/www/vhosts/careerjobs.de/httpdocs/post_job.php:93
Stack trace:
#0 {main}
  thrown in /var/www/vhosts/careerjobs.de/httpdocs/post_job.php on line 93
[28-Aug-2024 09:01:13 UTC] PHP Fatal error:  Uncaught Error: Undefined constant "ERROR_SUBSCRIPTION2" in /var/www/vhosts/careerjobs.de/httpdocs/post_job.php:93
Stack trace:
#0 {main}
  thrown in /var/www/vhosts/careerjobs.de/httpdocs/post_job.php on line 93
[28-Aug-2024 09:02:29 UTC] PHP Fatal error:  Uncaught Error: Undefined constant "ERROR_SUBSCRIPTION2" in /var/www/vhosts/careerjobs.de/httpdocs/post_job.php:93
Stack trace:
#0 {main}
  thrown in /var/www/vhosts/careerjobs.de/httpdocs/post_job.php on line 93
[28-Aug-2024 09:04:34 UTC] PHP Fatal error:  Uncaught Error: Undefined constant "ERROR_SUBSCRIPTION2" in /var/www/vhosts/careerjobs.de/httpdocs/post_job.php:93
Stack trace:
#0 {main}
  thrown in /var/www/vhosts/careerjobs.de/httpdocs/post_job.php on line 93
[28-Aug-2024 22:07:01 UTC] PHP Fatal error:  Uncaught Error: Call to undefined function each() in /var/www/vhosts/careerjobs.de/httpdocs/cron_job/database_backup.php:59
Stack trace:
#0 {main}
  thrown in /var/www/vhosts/careerjobs.de/httpdocs/cron_job/database_backup.php on line 59
[29-Aug-2024 03:29:47 UTC] PHP Fatal error:  Uncaught Error: Call to undefined function tep_href() in /var/www/vhosts/careerjobs.de/httpdocs/my_admin/admin_header.php:9
Stack trace:
#0 /var/www/vhosts/careerjobs.de/httpdocs/my_admin/admin_body.php(17): include_once()
#1 /var/www/vhosts/careerjobs.de/httpdocs/my_admin/lms-courses.php(12): include_once('...')
#2 {main}
  thrown in /var/www/vhosts/careerjobs.de/httpdocs/my_admin/admin_header.php on line 9
[29-Aug-2024 03:30:01 UTC] PHP Fatal error:  Uncaught Error: Call to undefined function tep_href() in /var/www/vhosts/careerjobs.de/httpdocs/my_admin/admin_header.php:9
Stack trace:
#0 /var/www/vhosts/careerjobs.de/httpdocs/my_admin/admin_body.php(17): include_once()
#1 /var/www/vhosts/careerjobs.de/httpdocs/my_admin/lms-courses.php(12): include_once('...')
#2 {main}
  thrown in /var/www/vhosts/careerjobs.de/httpdocs/my_admin/admin_header.php on line 9
[29-Aug-2024 03:30:02 UTC] PHP Fatal error:  Uncaught Error: Call to undefined function tep_href() in /var/www/vhosts/careerjobs.de/httpdocs/my_admin/admin_header.php:9
Stack trace:
#0 /var/www/vhosts/careerjobs.de/httpdocs/my_admin/admin_body.php(17): include_once()
#1 /var/www/vhosts/careerjobs.de/httpdocs/my_admin/admin1_list_jobfairs.php(5): include_once('...')
#2 {main}
  thrown in /var/www/vhosts/careerjobs.de/httpdocs/my_admin/admin_header.php on line 9
[29-Aug-2024 03:30:05 UTC] PHP Fatal error:  Uncaught Error: Call to undefined function tep_href() in /var/www/vhosts/careerjobs.de/httpdocs/my_admin/admin_header.php:9
Stack trace:
#0 /var/www/vhosts/careerjobs.de/httpdocs/my_admin/admin_body.php(17): include_once()
#1 /var/www/vhosts/careerjobs.de/httpdocs/my_admin/admin1_control_panel.php(14): include_once('...')
#2 {main}
  thrown in /var/www/vhosts/careerjobs.de/httpdocs/my_admin/admin_header.php on line 9
[29-Aug-2024 04:00:57 UTC] PHP Fatal error:  Uncaught Error: Call to undefined function tep_href() in /var/www/vhosts/careerjobs.de/httpdocs/my_admin/admin_header.php:9
Stack trace:
#0 /var/www/vhosts/careerjobs.de/httpdocs/my_admin/admin_body.php(17): include_once()
#1 /var/www/vhosts/careerjobs.de/httpdocs/my_admin/admin1_control_panel.php(14): include_once('...')
#2 {main}
  thrown in /var/www/vhosts/careerjobs.de/httpdocs/my_admin/admin_header.php on line 9
[29-Aug-2024 22:07:01 UTC] PHP Fatal error:  Uncaught Error: Call to undefined function each() in /var/www/vhosts/careerjobs.de/httpdocs/cron_job/database_backup.php:59
Stack trace:
#0 {main}
  thrown in /var/www/vhosts/careerjobs.de/httpdocs/cron_job/database_backup.php on line 59
[30-Aug-2024 07:57:46 UTC] PHP Fatal error:  Uncaught mysqli_sql_exception: Table 'admin_careerjobs.job_job_category' doesn't exist in /var/www/vhosts/careerjobs.de/httpdocs/general_functions/database.php:71
Stack trace:
#0 /var/www/vhosts/careerjobs.de/httpdocs/general_functions/database.php(71): mysqli_query()
#1 /var/www/vhosts/careerjobs.de/httpdocs/job_search_by_industry.php(248): tep_db_query()
#2 {main}
  thrown in /var/www/vhosts/careerjobs.de/httpdocs/general_functions/database.php on line 71
[30-Aug-2024 07:59:40 UTC] PHP Fatal error:  Uncaught mysqli_sql_exception: Table 'admin_careerjobs.job' doesn't exist in /var/www/vhosts/careerjobs.de/httpdocs/general_functions/database.php:71
Stack trace:
#0 /var/www/vhosts/careerjobs.de/httpdocs/general_functions/database.php(71): mysqli_query()
#1 /var/www/vhosts/careerjobs.de/httpdocs/job_search_by_industry.php(248): tep_db_query()
#2 {main}
  thrown in /var/www/vhosts/careerjobs.de/httpdocs/general_functions/database.php on line 71
[30-Aug-2024 09:34:17 UTC] PHP Fatal error:  Uncaught mysqli_sql_exception: Unknown column 'graphic' in 'where clause' in /var/www/vhosts/careerjobs.de/httpdocs/general_functions/database.php:71
Stack trace:
#0 /var/www/vhosts/careerjobs.de/httpdocs/general_functions/database.php(71): mysqli_query()
#1 /var/www/vhosts/careerjobs.de/httpdocs/job_search_by_industry.php(284): tep_db_query()
#2 {main}
  thrown in /var/www/vhosts/careerjobs.de/httpdocs/general_functions/database.php on line 71
[30-Aug-2024 09:35:39 UTC] PHP Fatal error:  Uncaught mysqli_sql_exception: Unknown column 'graphic' in 'where clause' in /var/www/vhosts/careerjobs.de/httpdocs/general_functions/database.php:71
Stack trace:
#0 /var/www/vhosts/careerjobs.de/httpdocs/general_functions/database.php(71): mysqli_query()
#1 /var/www/vhosts/careerjobs.de/httpdocs/job_search_by_industry.php(284): tep_db_query()
#2 {main}
  thrown in /var/www/vhosts/careerjobs.de/httpdocs/general_functions/database.php on line 71
[30-Aug-2024 09:37:21 UTC] PHP Fatal error:  Uncaught TypeError: implode(): Argument #2 ($array) must be of type ?array, string given in /var/www/vhosts/careerjobs.de/httpdocs/job_search_by_industry.php:256
Stack trace:
#0 /var/www/vhosts/careerjobs.de/httpdocs/job_search_by_industry.php(256): implode()
#1 {main}
  thrown in /var/www/vhosts/careerjobs.de/httpdocs/job_search_by_industry.php on line 256
[30-Aug-2024 09:38:18 UTC] PHP Fatal error:  Uncaught mysqli_sql_exception: Unknown column 'graphic' in 'where clause' in /var/www/vhosts/careerjobs.de/httpdocs/general_functions/database.php:71
Stack trace:
#0 /var/www/vhosts/careerjobs.de/httpdocs/general_functions/database.php(71): mysqli_query()
#1 /var/www/vhosts/careerjobs.de/httpdocs/job_search_by_industry.php(280): tep_db_query()
#2 {main}
  thrown in /var/www/vhosts/careerjobs.de/httpdocs/general_functions/database.php on line 71
[30-Aug-2024 09:40:03 UTC] PHP Fatal error:  Uncaught mysqli_sql_exception: Unknown column 'graphic' in 'where clause' in /var/www/vhosts/careerjobs.de/httpdocs/general_functions/database.php:71
Stack trace:
#0 /var/www/vhosts/careerjobs.de/httpdocs/general_functions/database.php(71): mysqli_query()
#1 /var/www/vhosts/careerjobs.de/httpdocs/job_search_by_industry.php(279): tep_db_query()
#2 {main}
  thrown in /var/www/vhosts/careerjobs.de/httpdocs/general_functions/database.php on line 71
